This is XeTeX, Version 3.141592653-2.6-0.999998 (MiKTeX 26.5) (preloaded format=xelatex 2026.6.14)  14 JUN 2026 15:21
entering extended mode
 restricted \write18 enabled.
 file:line:error style messages enabled.
 %&-line parsing enabled.
**d:/pdf/Logic/Logic.tex
(d:/pdf/Logic/Logic.tex
LaTeX2e <2026-06-01>
L3 programming layer <2026-05-26>
(C:\Users\Aria\AppData\Local\Programs\MiKTeX\tex/latex/base\book.cls
Document Class: book 2025/01/22 v1.4n Standard LaTeX document class
(C:\Users\Aria\AppData\Local\Programs\MiKTeX\tex/latex/base\bk10.clo
File: bk10.clo 2025/01/22 v1.4n Standard LaTeX file (size option)
)
\c@part=\count273
\c@chapter=\count274
\c@section=\count275
\c@subsection=\count276
\c@subsubsection=\count277
\c@paragraph=\count278
\c@subparagraph=\count279
\c@figure=\count280
\c@table=\count281
\abovecaptionskip=\skip49
\belowcaptionskip=\skip50
\bibindent=\dimen150
) (C:\Users\Aria\AppData\Local\Programs\MiKTeX\tex/latex/base\inputenc.sty
Package: inputenc 2024/02/08 v1.3d Input encoding file
\inpenc@prehook=\toks17
\inpenc@posthook=\toks18


Package inputenc Warning: inputenc package ignored with utf8 based engines.

) (C:\Users\Aria\AppData\Local\Programs\MiKTeX\tex/latex/amsmath\amsmath.sty
Package: amsmath 2026/05/19 v2.18d AMS math features
\@mathmargin=\skip51

For additional information on amsmath, use the `?' option.
(C:\Users\Aria\AppData\Local\Programs\MiKTeX\tex/latex/amsmath\amstext.sty
Package: amstext 2024/11/17 v2.01 AMS text
 (C:\Users\Aria\AppData\Local\Programs\MiKTeX\tex/latex/amsmath\amsgen.sty
File: amsgen.sty 1999/11/30 v2.0 generic functions
\@emptytoks=\toks19
\ex@=\dimen151
)) (C:\Users\Aria\AppData\Local\Programs\MiKTeX\tex/latex/amsmath\amsbsy.sty
Package: amsbsy 1999/11/29 v1.2d Bold Symbols
\pmbraise@=\dimen152
) (C:\Users\Aria\AppData\Local\Programs\MiKTeX\tex/latex/amsmath\amsopn.sty
Package: amsopn 2022/04/08 v2.04 operator names
)
\inf@bad=\count282
LaTeX Info: Redefining \frac on input line 233.
\uproot@=\count283
\leftroot@=\count284
LaTeX Info: Redefining \overline on input line 398.
LaTeX Info: Redefining \colon on input line 409.
\classnum@=\count285
\DOTSCASE@=\count286
LaTeX Info: Redefining \ldots on input line 495.
LaTeX Info: Redefining \dots on input line 498.
LaTeX Info: Redefining \cdots on input line 619.
\Mathstrutbox@=\box53
\strutbox@=\box54
LaTeX Info: Redefining \big on input line 721.
LaTeX Info: Redefining \Big on input line 722.
LaTeX Info: Redefining \bigg on input line 723.
LaTeX Info: Redefining \Bigg on input line 724.
\big@size=\dimen153
LaTeX Font Info:    Redeclaring font encoding OML on input line 742.
LaTeX Font Info:    Redeclaring font encoding OMS on input line 743.
\macc@depth=\count287
LaTeX Info: Redefining \bmod on input line 904.
LaTeX Info: Redefining \pmod on input line 909.
LaTeX Info: Redefining \smash on input line 939.
LaTeX Info: Redefining \relbar on input line 969.
LaTeX Info: Redefining \Relbar on input line 970.
\c@MaxMatrixCols=\count288
\dotsspace@=\muskip17
\c@parentequation=\count289
\dspbrk@lvl=\count290
\tag@help=\toks20
\row@=\count291
\column@=\count292
\maxfields@=\count293
\andhelp@=\toks21
\eqnshift@=\dimen154
\alignsep@=\dimen155
\tagshift@=\dimen156
\tagwidth@=\dimen157
\totwidth@=\dimen158
\lineht@=\dimen159
\@envbody=\toks22
\multlinegap=\skip52
\multlinetaggap=\skip53
\mathdisplay@stack=\toks23
LaTeX Info: Redefining \[ on input line 2965.
LaTeX Info: Redefining \] on input line 2966.
) (C:\Users\Aria\AppData\Local\Programs\MiKTeX\tex/latex/amsfonts\amssymb.sty
Package: amssymb 2013/01/14 v3.01 AMS font symbols
 (C:\Users\Aria\AppData\Local\Programs\MiKTeX\tex/latex/amsfonts\amsfonts.sty
Package: amsfonts 2013/01/14 v3.01 Basic AMSFonts support
\symAMSa=\mathgroup4
\symAMSb=\mathgroup5
LaTeX Font Info:    Redeclaring math symbol \hbar on input line 98.
LaTeX Font Info:    Overwriting math alphabet `\mathfrak' in version `bold'
(Font)                  U/euf/m/n --> U/euf/b/n on input line 106.
)) (C:\Users\Aria\AppData\Local\Programs\MiKTeX\tex/latex/amscls\amsthm.sty
Package: amsthm 2020/05/29 v2.20.6
\thm@style=\toks24
\thm@bodyfont=\toks25
\thm@headfont=\toks26
\thm@notefont=\toks27
\thm@headpunct=\toks28
\thm@preskip=\skip54
\thm@postskip=\skip55
\thm@headsep=\skip56
\dth@everypar=\toks29
) (C:\Users\Aria\AppData\Local\Programs\MiKTeX\tex/latex/enumitem\enumitem.sty
Package: enumitem 2025/02/06 v3.11 Customized lists
\enitkv@toks@=\toks30
\labelindent=\skip57
\enit@outerparindent=\dimen160
\enit@toks=\toks31
\enit@inbox=\box55
\enit@count@id=\count294
\enitdp@description=\count295
) (C:\Users\Aria\AppData\Local\Programs\MiKTeX\tex/latex/geometry\geometry.sty
Package: geometry 2026/03/07 v6.0 Page Geometry
 (C:\Users\Aria\AppData\Local\Programs\MiKTeX\tex/latex/graphics\keyval.sty
Package: keyval 2026-05-17 v1.15 key=value parser (DPC)
\KV@toks@=\toks32
) (C:\Users\Aria\AppData\Local\Programs\MiKTeX\tex/generic/iftex\ifvtex.sty
Package: ifvtex 2019/10/25 v1.7 ifvtex legacy package. Use iftex instead.
 (C:\Users\Aria\AppData\Local\Programs\MiKTeX\tex/generic/iftex\iftex.sty
Package: iftex 2024/12/12 v1.0g TeX engine tests
))
\Gm@cnth=\count296
\Gm@cntv=\count297
\c@Gm@tempcnt=\count298
\Gm@bindingoffset=\dimen161
\Gm@wd@mp=\dimen162
\Gm@odd@mp=\dimen163
\Gm@even@mp=\dimen164
\Gm@layoutwidth=\dimen165
\Gm@layoutheight=\dimen166
\Gm@layouthoffset=\dimen167
\Gm@layoutvoffset=\dimen168
\Gm@dimlist=\toks33
 (C:\Users\Aria\AppData\Local\Programs\MiKTeX\tex/latex/geometry\geometry.cfg)) (C:\Users\Aria\AppData\Local\Programs\MiKTeX\tex/latex/graphics\graphicx.sty
Package: graphicx 2026-05-17 v1.2e Enhanced LaTeX Graphics (DPC,SPQR)
 (C:\Users\Aria\AppData\Local\Programs\MiKTeX\tex/latex/graphics\graphics.sty
Package: graphics 2026-05-17 v1.4h Standard LaTeX Graphics (DPC,SPQR)
 (C:\Users\Aria\AppData\Local\Programs\MiKTeX\tex/latex/graphics\trig.sty
Package: trig 2023/12/02 v1.11 sin cos tan (DPC)
) (C:\Users\Aria\AppData\Local\Programs\MiKTeX\tex/latex/graphics-cfg\graphics.cfg
File: graphics.cfg 2016/06/04 v1.11 sample graphics configuration
)
Package graphics Info: Driver file: xetex.def on input line 106.
 (C:\Users\Aria\AppData\Local\Programs\MiKTeX\tex/latex/graphics-def\xetex.def
File: xetex.def 2025/11/01 v5.0p Graphics/color driver for xetex
))
\Gin@req@height=\dimen169
\Gin@req@width=\dimen170
) (C:\Users\Aria\AppData\Local\Programs\MiKTeX\tex/latex/hyperref\hyperref.sty
Package: hyperref 2026-04-24 v7.01q Hypertext links for LaTeX
 (C:\Users\Aria\AppData\Local\Programs\MiKTeX\tex/latex/kvsetkeys\kvsetkeys.sty
Package: kvsetkeys 2022-10-05 v1.19 Key value parser (HO)
) (C:\Users\Aria\AppData\Local\Programs\MiKTeX\tex/generic/kvdefinekeys\kvdefinekeys.sty
Package: kvdefinekeys 2019-12-19 v1.6 Define keys (HO)
) (C:\Users\Aria\AppData\Local\Programs\MiKTeX\tex/generic/pdfescape\pdfescape.sty
Package: pdfescape 2019/12/09 v1.15 Implements pdfTeX's escape features (HO)
 (C:\Users\Aria\AppData\Local\Programs\MiKTeX\tex/generic/ltxcmds\ltxcmds.sty
Package: ltxcmds 2023-12-04 v1.26 LaTeX kernel commands for general use (HO)
) (C:\Users\Aria\AppData\Local\Programs\MiKTeX\tex/generic/pdftexcmds\pdftexcmds.sty
Package: pdftexcmds 2020-06-27 v0.33 Utility functions of pdfTeX for LuaTeX (HO)
 (C:\Users\Aria\AppData\Local\Programs\MiKTeX\tex/generic/infwarerr\infwarerr.sty
Package: infwarerr 2019/12/03 v1.5 Providing info/warning/error messages (HO)
)
Package pdftexcmds Info: \pdf@primitive is available.
Package pdftexcmds Info: \pdf@ifprimitive is available.
Package pdftexcmds Info: \pdfdraftmode not found.
)) (C:\Users\Aria\AppData\Local\Programs\MiKTeX\tex/latex/hycolor\hycolor.sty
Package: hycolor 2020-01-27 v1.10 Color options for hyperref/bookmark (HO)
) (C:\Users\Aria\AppData\Local\Programs\MiKTeX\tex/latex/hyperref\nameref.sty
Package: nameref 2026-01-29 v2.58 Cross-referencing by name of section
 (C:\Users\Aria\AppData\Local\Programs\MiKTeX\tex/latex/refcount\refcount.sty
Package: refcount 2019/12/15 v3.6 Data extraction from label references (HO)
) (C:\Users\Aria\AppData\Local\Programs\MiKTeX\tex/generic/gettitlestring\gettitlestring.sty
Package: gettitlestring 2019/12/15 v1.6 Cleanup title references (HO)
 (C:\Users\Aria\AppData\Local\Programs\MiKTeX\tex/latex/kvoptions\kvoptions.sty
Package: kvoptions 2022-06-15 v3.15 Key value format for package options (HO)
))
\c@section@level=\count299
) (C:\Users\Aria\AppData\Local\Programs\MiKTeX\tex/latex/etoolbox\etoolbox.sty
Package: etoolbox 2025/10/02 v2.5m e-TeX tools for LaTeX (JAW)
\etb@tempcnta=\count300
) (C:\Users\Aria\AppData\Local\Programs\MiKTeX\tex/generic/stringenc\stringenc.sty
Package: stringenc 2019/11/29 v1.12 Convert strings between diff. encodings (HO)
)
\@linkdim=\dimen171
\Hy@linkcounter=\count301
\Hy@pagecounter=\count302
 (C:\Users\Aria\AppData\Local\Programs\MiKTeX\tex/latex/hyperref\pd1enc.def
File: pd1enc.def 2026-04-24 v7.01q Hyperref: PDFDocEncoding definition (HO)
) (C:\Users\Aria\AppData\Local\Programs\MiKTeX\tex/generic/intcalc\intcalc.sty
Package: intcalc 2019/12/15 v1.3 Expandable calculations with integers (HO)
)
\Hy@SavedSpaceFactor=\count303
 (C:\Users\Aria\AppData\Local\Programs\MiKTeX\tex/latex/hyperref\puenc.def
File: puenc.def 2026-04-24 v7.01q Hyperref: PDF Unicode definition (HO)
)
Package hyperref Info: Hyper figures OFF on input line 4199.
Package hyperref Info: Link nesting OFF on input line 4204.
Package hyperref Info: Hyper index ON on input line 4207.
Package hyperref Info: Plain pages OFF on input line 4214.
Package hyperref Info: Backreferencing OFF on input line 4219.
Package hyperref Info: Implicit mode ON; LaTeX internals redefined.
Package hyperref Info: Bookmarks ON on input line 4466.
\c@Hy@tempcnt=\count304
 (C:\Users\Aria\AppData\Local\Programs\MiKTeX\tex/latex/url\url.sty
\Urlmuskip=\muskip18
Package: url 2013/09/16  ver 3.4  Verb mode for urls, etc.
)
LaTeX Info: Redefining \url on input line 4805.
\XeTeXLinkMargin=\dimen172
 (C:\Users\Aria\AppData\Local\Programs\MiKTeX\tex/generic/bitset\bitset.sty
Package: bitset 2019/12/09 v1.3 Handle bit-vector datatype (HO)
 (C:\Users\Aria\AppData\Local\Programs\MiKTeX\tex/generic/bigintcalc\bigintcalc.sty
Package: bigintcalc 2019/12/15 v1.5 Expandable calculations on big integers (HO)
))
\Fld@menulength=\count305
\Field@Width=\dimen173
\Fld@charsize=\dimen174
Package hyperref Info: Hyper figures OFF on input line 6091.
Package hyperref Info: Link nesting OFF on input line 6096.
Package hyperref Info: Hyper index ON on input line 6099.
Package hyperref Info: backreferencing OFF on input line 6106.
Package hyperref Info: Link coloring OFF on input line 6111.
Package hyperref Info: Link coloring with OCG OFF on input line 6116.
Package hyperref Info: PDF/A mode OFF on input line 6121.
\Hy@abspage=\count306
\c@Item=\count307
\c@Hfootnote=\count308
)
Package hyperref Info: Driver (autodetected): hxetex.
 (C:\Users\Aria\AppData\Local\Programs\MiKTeX\tex/latex/hyperref\hxetex.def
File: hxetex.def 2026-04-24 v7.01q Hyperref driver for XeTeX
\pdfm@box=\box56
\c@Hy@AnnotLevel=\count309
\HyField@AnnotCount=\count310
\Fld@listcount=\count311
\c@bookmark@seq@number=\count312
 (C:\Users\Aria\AppData\Local\Programs\MiKTeX\tex/latex/rerunfilecheck\rerunfilecheck.sty
Package: rerunfilecheck 2025-06-21 v1.11 Rerun checks for auxiliary files (HO)
 (C:\Users\Aria\AppData\Local\Programs\MiKTeX\tex/generic/uniquecounter\uniquecounter.sty
Package: uniquecounter 2019/12/15 v1.4 Provide unlimited unique counter (HO)
)
Package uniquecounter Info: New unique counter `rerunfilecheck' on input line 284.
)
\Hy@SectionHShift=\skip58
) (C:\Users\Aria\AppData\Local\Programs\MiKTeX\tex/latex/pgf/frontendlayer\tikz.sty (C:\Users\Aria\AppData\Local\Programs\MiKTeX\tex/latex/pgf/basiclayer\pgf.sty (C:\Users\Aria\AppData\Local\Programs\MiKTeX\tex/latex/pgf/utilities\pgfrcs.sty (C:\Users\Aria\AppData\Local\Programs\MiKTeX\tex/generic/pgf/utilities\pgfutil-common.tex
\pgfutil@everybye=\toks34
\pgfutil@tempdima=\dimen175
\pgfutil@tempdimb=\dimen176
) (C:\Users\Aria\AppData\Local\Programs\MiKTeX\tex/generic/pgf/utilities\pgfutil-latex.def
\pgfutil@abb=\box57
) (C:\Users\Aria\AppData\Local\Programs\MiKTeX\tex/generic/pgf/utilities\pgfrcs.code.tex (C:\Users\Aria\AppData\Local\Programs\MiKTeX\tex/generic/pgf\pgf.revision.tex)
Package: pgfrcs 2025-08-29 v3.1.11a (3.1.11a)
))
Package: pgf 2025-08-29 v3.1.11a (3.1.11a)
 (C:\Users\Aria\AppData\Local\Programs\MiKTeX\tex/latex/pgf/basiclayer\pgfcore.sty (C:\Users\Aria\AppData\Local\Programs\MiKTeX\tex/latex/pgf/systemlayer\pgfsys.sty (C:\Users\Aria\AppData\Local\Programs\MiKTeX\tex/generic/pgf/systemlayer\pgfsys.code.tex
Package: pgfsys 2025-08-29 v3.1.11a (3.1.11a)
 (C:\Users\Aria\AppData\Local\Programs\MiKTeX\tex/generic/pgf/utilities\pgfkeys.code.tex
\pgfkeys@pathtoks=\toks35
\pgfkeys@temptoks=\toks36
 (C:\Users\Aria\AppData\Local\Programs\MiKTeX\tex/generic/pgf/utilities\pgfkeyslibraryfiltered.code.tex
\pgfkeys@tmptoks=\toks37
))
\pgf@x=\dimen177
\pgf@y=\dimen178
\pgf@xa=\dimen179
\pgf@ya=\dimen180
\pgf@xb=\dimen181
\pgf@yb=\dimen182
\pgf@xc=\dimen183
\pgf@yc=\dimen184
\pgf@xd=\dimen185
\pgf@yd=\dimen186
\w@pgf@writea=\write3
\r@pgf@reada=\read2
\c@pgf@counta=\count313
\c@pgf@countb=\count314
\c@pgf@countc=\count315
\c@pgf@countd=\count316
\t@pgf@toka=\toks38
\t@pgf@tokb=\toks39
\t@pgf@tokc=\toks40
\pgf@sys@id@count=\count317
 (C:\Users\Aria\AppData\Local\Programs\MiKTeX\tex/generic/pgf/systemlayer\pgf.cfg
File: pgf.cfg 2025-08-29 v3.1.11a (3.1.11a)
)
Driver file for pgf: pgfsys-xetex.def
 (C:\Users\Aria\AppData\Local\Programs\MiKTeX\tex/generic/pgf/systemlayer\pgfsys-xetex.def
File: pgfsys-xetex.def 2025-08-29 v3.1.11a (3.1.11a)
 (C:\Users\Aria\AppData\Local\Programs\MiKTeX\tex/generic/pgf/systemlayer\pgfsys-dvipdfmx.def
File: pgfsys-dvipdfmx.def 2025-08-29 v3.1.11a (3.1.11a)
 (C:\Users\Aria\AppData\Local\Programs\MiKTeX\tex/generic/pgf/systemlayer\pgfsys-common-pdf.def
File: pgfsys-common-pdf.def 2025-08-29 v3.1.11a (3.1.11a)
)
\pgfsys@objnum=\count318
))) (C:\Users\Aria\AppData\Local\Programs\MiKTeX\tex/generic/pgf/systemlayer\pgfsyssoftpath.code.tex
File: pgfsyssoftpath.code.tex 2025-08-29 v3.1.11a (3.1.11a)
\pgfsyssoftpath@smallbuffer@items=\count319
\pgfsyssoftpath@bigbuffer@items=\count320
) (C:\Users\Aria\AppData\Local\Programs\MiKTeX\tex/generic/pgf/systemlayer\pgfsysprotocol.code.tex
File: pgfsysprotocol.code.tex 2025-08-29 v3.1.11a (3.1.11a)
)) (C:\Users\Aria\AppData\Local\Programs\MiKTeX\tex/latex/xcolor\xcolor.sty
Package: xcolor 2024/09/29 v3.02 LaTeX color extensions (UK)
 (C:\Users\Aria\AppData\Local\Programs\MiKTeX\tex/latex/graphics-cfg\color.cfg
File: color.cfg 2016/01/02 v1.6 sample color configuration
)
Package xcolor Info: Driver file: xetex.def on input line 274.
 (C:\Users\Aria\AppData\Local\Programs\MiKTeX\tex/latex/graphics\mathcolor.ltx)
Package xcolor Info: Model `cmy' substituted by `cmy0' on input line 1349.
Package xcolor Info: Model `RGB' extended on input line 1365.
Package xcolor Info: Model `HTML' substituted by `rgb' on input line 1367.
Package xcolor Info: Model `Hsb' substituted by `hsb' on input line 1368.
Package xcolor Info: Model `tHsb' substituted by `hsb' on input line 1369.
Package xcolor Info: Model `HSB' substituted by `hsb' on input line 1370.
Package xcolor Info: Model `Gray' substituted by `gray' on input line 1371.
Package xcolor Info: Model `wave' substituted by `hsb' on input line 1372.
) (C:\Users\Aria\AppData\Local\Programs\MiKTeX\tex/generic/pgf/basiclayer\pgfcore.code.tex
Package: pgfcore 2025-08-29 v3.1.11a (3.1.11a)
 (C:\Users\Aria\AppData\Local\Programs\MiKTeX\tex/generic/pgf/math\pgfmath.code.tex (C:\Users\Aria\AppData\Local\Programs\MiKTeX\tex/generic/pgf/math\pgfmathutil.code.tex) (C:\Users\Aria\AppData\Local\Programs\MiKTeX\tex/generic/pgf/math\pgfmathparser.code.tex
\pgfmath@dimen=\dimen187
\pgfmath@count=\count321
\pgfmath@box=\box58
\pgfmath@toks=\toks41
\pgfmath@stack@operand=\toks42
\pgfmath@stack@operation=\toks43
) (C:\Users\Aria\AppData\Local\Programs\MiKTeX\tex/generic/pgf/math\pgfmathfunctions.code.tex) (C:\Users\Aria\AppData\Local\Programs\MiKTeX\tex/generic/pgf/math\pgfmathfunctions.basic.code.tex) (C:\Users\Aria\AppData\Local\Programs\MiKTeX\tex/generic/pgf/math\pgfmathfunctions.trigonometric.code.tex) (C:\Users\Aria\AppData\Local\Programs\MiKTeX\tex/generic/pgf/math\pgfmathfunctions.random.code.tex) (C:\Users\Aria\AppData\Local\Programs\MiKTeX\tex/generic/pgf/math\pgfmathfunctions.comparison.code.tex) (C:\Users\Aria\AppData\Local\Programs\MiKTeX\tex/generic/pgf/math\pgfmathfunctions.base.code.tex) (C:\Users\Aria\AppData\Local\Programs\MiKTeX\tex/generic/pgf/math\pgfmathfunctions.round.code.tex) (C:\Users\Aria\AppData\Local\Programs\MiKTeX\tex/generic/pgf/math\pgfmathfunctions.misc.code.tex) (C:\Users\Aria\AppData\Local\Programs\MiKTeX\tex/generic/pgf/math\pgfmathfunctions.integerarithmetics.code.tex) (C:\Users\Aria\AppData\Local\Programs\MiKTeX\tex/generic/pgf/math\pgfmathcalc.code.tex) (C:\Users\Aria\AppData\Local\Programs\MiKTeX\tex/generic/pgf/math\pgfmathfloat.code.tex
\c@pgfmathroundto@lastzeros=\count322
)) (C:\Users\Aria\AppData\Local\Programs\MiKTeX\tex/generic/pgf/math\pgfint.code.tex) (C:\Users\Aria\AppData\Local\Programs\MiKTeX\tex/generic/pgf/basiclayer\pgfcorepoints.code.tex
File: pgfcorepoints.code.tex 2025-08-29 v3.1.11a (3.1.11a)
\pgf@picminx=\dimen188
\pgf@picmaxx=\dimen189
\pgf@picminy=\dimen190
\pgf@picmaxy=\dimen191
\pgf@pathminx=\dimen192
\pgf@pathmaxx=\dimen193
\pgf@pathminy=\dimen194
\pgf@pathmaxy=\dimen195
\pgf@xx=\dimen196
\pgf@xy=\dimen197
\pgf@yx=\dimen198
\pgf@yy=\dimen199
\pgf@zx=\dimen256
\pgf@zy=\dimen257
) (C:\Users\Aria\AppData\Local\Programs\MiKTeX\tex/generic/pgf/basiclayer\pgfcorepathconstruct.code.tex
File: pgfcorepathconstruct.code.tex 2025-08-29 v3.1.11a (3.1.11a)
\pgf@path@lastx=\dimen258
\pgf@path@lasty=\dimen259
) (C:\Users\Aria\AppData\Local\Programs\MiKTeX\tex/generic/pgf/basiclayer\pgfcorepathusage.code.tex
File: pgfcorepathusage.code.tex 2025-08-29 v3.1.11a (3.1.11a)
\pgf@shorten@end@additional=\dimen260
\pgf@shorten@start@additional=\dimen261
) (C:\Users\Aria\AppData\Local\Programs\MiKTeX\tex/generic/pgf/basiclayer\pgfcorescopes.code.tex
File: pgfcorescopes.code.tex 2025-08-29 v3.1.11a (3.1.11a)
\pgfpic=\box59
\pgf@hbox=\box60
\pgf@layerbox@main=\box61
\pgf@picture@serial@count=\count323
) (C:\Users\Aria\AppData\Local\Programs\MiKTeX\tex/generic/pgf/basiclayer\pgfcoregraphicstate.code.tex
File: pgfcoregraphicstate.code.tex 2025-08-29 v3.1.11a (3.1.11a)
\pgflinewidth=\dimen262
) (C:\Users\Aria\AppData\Local\Programs\MiKTeX\tex/generic/pgf/basiclayer\pgfcoretransformations.code.tex
File: pgfcoretransformations.code.tex 2025-08-29 v3.1.11a (3.1.11a)
\pgf@pt@x=\dimen263
\pgf@pt@y=\dimen264
\pgf@pt@temp=\dimen265
) (C:\Users\Aria\AppData\Local\Programs\MiKTeX\tex/generic/pgf/basiclayer\pgfcorequick.code.tex
File: pgfcorequick.code.tex 2025-08-29 v3.1.11a (3.1.11a)
) (C:\Users\Aria\AppData\Local\Programs\MiKTeX\tex/generic/pgf/basiclayer\pgfcoreobjects.code.tex
File: pgfcoreobjects.code.tex 2025-08-29 v3.1.11a (3.1.11a)
) (C:\Users\Aria\AppData\Local\Programs\MiKTeX\tex/generic/pgf/basiclayer\pgfcorepathprocessing.code.tex
File: pgfcorepathprocessing.code.tex 2025-08-29 v3.1.11a (3.1.11a)
) (C:\Users\Aria\AppData\Local\Programs\MiKTeX\tex/generic/pgf/basiclayer\pgfcorearrows.code.tex
File: pgfcorearrows.code.tex 2025-08-29 v3.1.11a (3.1.11a)
\pgfarrowsep=\dimen266
) (C:\Users\Aria\AppData\Local\Programs\MiKTeX\tex/generic/pgf/basiclayer\pgfcoreshade.code.tex
File: pgfcoreshade.code.tex 2025-08-29 v3.1.11a (3.1.11a)
\pgf@max=\dimen267
\pgf@sys@shading@range@num=\count324
\pgf@shadingcount=\count325
) (C:\Users\Aria\AppData\Local\Programs\MiKTeX\tex/generic/pgf/basiclayer\pgfcoreimage.code.tex
File: pgfcoreimage.code.tex 2025-08-29 v3.1.11a (3.1.11a)
) (C:\Users\Aria\AppData\Local\Programs\MiKTeX\tex/generic/pgf/basiclayer\pgfcoreexternal.code.tex
File: pgfcoreexternal.code.tex 2025-08-29 v3.1.11a (3.1.11a)
\pgfexternal@startupbox=\box62
) (C:\Users\Aria\AppData\Local\Programs\MiKTeX\tex/generic/pgf/basiclayer\pgfcorelayers.code.tex
File: pgfcorelayers.code.tex 2025-08-29 v3.1.11a (3.1.11a)
) (C:\Users\Aria\AppData\Local\Programs\MiKTeX\tex/generic/pgf/basiclayer\pgfcoretransparency.code.tex
File: pgfcoretransparency.code.tex 2025-08-29 v3.1.11a (3.1.11a)
) (C:\Users\Aria\AppData\Local\Programs\MiKTeX\tex/generic/pgf/basiclayer\pgfcorepatterns.code.tex
File: pgfcorepatterns.code.tex 2025-08-29 v3.1.11a (3.1.11a)
) (C:\Users\Aria\AppData\Local\Programs\MiKTeX\tex/generic/pgf/basiclayer\pgfcorerdf.code.tex
File: pgfcorerdf.code.tex 2025-08-29 v3.1.11a (3.1.11a)
))) (C:\Users\Aria\AppData\Local\Programs\MiKTeX\tex/generic/pgf/modules\pgfmoduleshapes.code.tex
File: pgfmoduleshapes.code.tex 2025-08-29 v3.1.11a (3.1.11a)
\pgfnodeparttextbox=\box63
) (C:\Users\Aria\AppData\Local\Programs\MiKTeX\tex/generic/pgf/modules\pgfmoduleplot.code.tex
File: pgfmoduleplot.code.tex 2025-08-29 v3.1.11a (3.1.11a)
) (C:\Users\Aria\AppData\Local\Programs\MiKTeX\tex/latex/pgf/compatibility\pgfcomp-version-0-65.sty
Package: pgfcomp-version-0-65 2025-08-29 v3.1.11a (3.1.11a)
\pgf@nodesepstart=\dimen268
\pgf@nodesepend=\dimen269
) (C:\Users\Aria\AppData\Local\Programs\MiKTeX\tex/latex/pgf/compatibility\pgfcomp-version-1-18.sty
Package: pgfcomp-version-1-18 2025-08-29 v3.1.11a (3.1.11a)
)) (C:\Users\Aria\AppData\Local\Programs\MiKTeX\tex/latex/pgf/utilities\pgffor.sty (C:\Users\Aria\AppData\Local\Programs\MiKTeX\tex/latex/pgf/utilities\pgfkeys.sty (C:\Users\Aria\AppData\Local\Programs\MiKTeX\tex/generic/pgf/utilities\pgfkeys.code.tex)) (C:\Users\Aria\AppData\Local\Programs\MiKTeX\tex/latex/pgf/math\pgfmath.sty (C:\Users\Aria\AppData\Local\Programs\MiKTeX\tex/generic/pgf/math\pgfmath.code.tex)) (C:\Users\Aria\AppData\Local\Programs\MiKTeX\tex/generic/pgf/utilities\pgffor.code.tex
Package: pgffor 2025-08-29 v3.1.11a (3.1.11a)
\pgffor@iter=\dimen270
\pgffor@skip=\dimen271
\pgffor@stack=\toks44
\pgffor@toks=\toks45
)) (C:\Users\Aria\AppData\Local\Programs\MiKTeX\tex/generic/pgf/frontendlayer/tikz\tikz.code.tex
Package: tikz 2025-08-29 v3.1.11a (3.1.11a)
 (C:\Users\Aria\AppData\Local\Programs\MiKTeX\tex/generic/pgf/libraries\pgflibraryplothandlers.code.tex
File: pgflibraryplothandlers.code.tex 2025-08-29 v3.1.11a (3.1.11a)
\pgf@plot@mark@count=\count326
\pgfplotmarksize=\dimen272
)
\tikz@lastx=\dimen273
\tikz@lasty=\dimen274
\tikz@lastxsaved=\dimen275
\tikz@lastysaved=\dimen276
\tikz@lastmovetox=\dimen277
\tikz@lastmovetoy=\dimen278
\tikzleveldistance=\dimen279
\tikzsiblingdistance=\dimen280
\tikz@figbox=\box64
\tikz@figbox@bg=\box65
\tikz@tempbox=\box66
\tikz@tempbox@bg=\box67
\tikztreelevel=\count327
\tikznumberofchildren=\count328
\tikznumberofcurrentchild=\count329
\tikz@fig@count=\count330
 (C:\Users\Aria\AppData\Local\Programs\MiKTeX\tex/generic/pgf/modules\pgfmodulematrix.code.tex
File: pgfmodulematrix.code.tex 2025-08-29 v3.1.11a (3.1.11a)
\pgfmatrixcurrentrow=\count331
\pgfmatrixcurrentcolumn=\count332
\pgf@matrix@numberofcolumns=\count333
)
\tikz@expandcount=\count334
 (C:\Users\Aria\AppData\Local\Programs\MiKTeX\tex/generic/pgf/frontendlayer/tikz/libraries\tikzlibrarytopaths.code.tex
File: tikzlibrarytopaths.code.tex 2025-08-29 v3.1.11a (3.1.11a)
))) (C:\Users\Aria\AppData\Local\Programs\MiKTeX\tex/generic/pgf/frontendlayer/tikz/libraries/circuits\tikzlibrarycircuits.logic.US.code.tex (C:\Users\Aria\AppData\Local\Programs\MiKTeX\tex/generic/pgf/frontendlayer/tikz/libraries/circuits\tikzlibrarycircuits.logic.code.tex (C:\Users\Aria\AppData\Local\Programs\MiKTeX\tex/generic/pgf/frontendlayer/tikz/libraries/circuits\tikzlibrarycircuits.code.tex
(C:\Users\Aria\AppData\Local\Programs\MiKTeX\tex/generic/pgf/frontendlayer/tikz/libraries\tikzlibrarycalc.code.tex
File: tikzlibrarycalc.code.tex 2025-08-29 v3.1.11a (3.1.11a)
) (C:\Users\Aria\AppData\Local\Programs\MiKTeX\tex/generic/pgf/frontendlayer/tikz/libraries\tikzlibrarydecorations.markings.code.tex (C:\Users\Aria\AppData\Local\Programs\MiKTeX\tex/generic/pgf/frontendlayer/tikz/libraries\tikzlibrarydecorations.code.tex (C:\Users\Aria\AppData\Local\Programs\MiKTeX\tex/generic/pgf/modules\pgfmoduledecorations.code.tex
\pgfdecoratedcompleteddistance=\dimen281
\pgfdecoratedremainingdistance=\dimen282
\pgfdecoratedinputsegmentcompleteddistance=\dimen283
\pgfdecoratedinputsegmentremainingdistance=\dimen284
\pgf@decorate@distancetomove=\dimen285
\pgf@decorate@repeatstate=\count335
\pgfdecorationsegmentamplitude=\dimen286
\pgfdecorationsegmentlength=\dimen287
)
\tikz@lib@dec@box=\box68
) (C:\Users\Aria\AppData\Local\Programs\MiKTeX\tex/generic/pgf/libraries/decorations\pgflibrarydecorations.markings.code.tex))
\tikz@lib@circ@count=\count336
\tikzcircuitssizeunit=\dimen288
)) (C:\Users\Aria\AppData\Local\Programs\MiKTeX\tex/generic/pgf/libraries/shapes/circuits\pgflibraryshapes.gates.logic.US.code.tex (C:\Users\Aria\AppData\Local\Programs\MiKTeX\tex/generic/pgf/libraries/shapes/circuits\pgflibraryshapes.gates.logic.code.tex))) (C:\Users\Aria\AppData\Local\Programs\MiKTeX\tex/generic/pgf/frontendlayer/tikz/libraries\tikzlibrarypositioning.code.tex
File: tikzlibrarypositioning.code.tex 2025-08-29 v3.1.11a (3.1.11a)
) (C:\Users\Aria\AppData\Local\Programs\MiKTeX\tex/generic/pgf/frontendlayer/tikz/libraries\tikzlibraryarrows.code.tex
File: tikzlibraryarrows.code.tex 2025-08-29 v3.1.11a (3.1.11a)
 (C:\Users\Aria\AppData\Local\Programs\MiKTeX\tex/generic/pgf/libraries\pgflibraryarrows.code.tex
File: pgflibraryarrows.code.tex 2025-08-29 v3.1.11a (3.1.11a)
\arrowsize=\dimen289
)) (C:\Users\Aria\AppData\Local\Programs\MiKTeX\tex/latex/bussproofs\bussproofs.sty
Proof Tree (bussproofs) style macros. Version 1.1.
\theLevel=\count337
\myMaxLevel=\count338
\myBoxA=\box69
\myBoxB=\box70
\myBoxC=\box71
\myBoxD=\box72
\myBoxLL=\box73
\myBoxRL=\box74
\thisAboveSkip=\dimen290
\thisBelowSkip=\dimen291
\newScoreStart=\dimen292
\newScoreEnd=\dimen293
\newCenter=\dimen294
\displace=\dimen295
\leftLowerAmt=\dimen296
\rightLowerAmt=\dimen297
\scoreHeight=\dimen298
\scoreDepth=\dimen299
\htLbox=\dimen300
\htRbox=\dimen301
\htRRbox=\dimen302
\htRRRbox=\dimen303
\htAbox=\dimen304
\htCbox=\dimen305
) (C:\Users\Aria\AppData\Local\Programs\MiKTeX\tex/latex/base\makeidx.sty
Package: makeidx 2021/10/04 v1.0m Standard LaTeX package
)
\@indexfile=\write4
\openout4 = `Logic.idx'.


Writing index file Logic.idx
(C:\Users\Aria\AppData\Local\Programs\MiKTeX\tex/latex/easy\easytable.sty
Document Style `easytable' v1.0 <2001/06/13>.
(C:\Users\Aria\AppData\Local\Programs\MiKTeX\tex/latex/easy\easy.sty
Document Style `easy' v1.1 <2001/05/31>.
Package: easy 2001/05/31 v1.1
\@easy@level=\count339
\@easy@ncol=\count340
\@easy@nrow=\count341
\@easy@cnt=\count342
\@easy@boxviii=\box75
\@easy@minxviii=\dimen306
\@easy@minyviii=\dimen307
\@easy@maxxviii=\dimen308
\@easy@maxyviii=\dimen309
\@easy@boxvii=\box76
\@easy@minxvii=\dimen310
\@easy@minyvii=\dimen311
\@easy@maxxvii=\dimen312
\@easy@maxyvii=\dimen313
\@easy@boxvi=\box77
\@easy@minxvi=\dimen314
\@easy@minyvi=\dimen315
\@easy@maxxvi=\dimen316
\@easy@maxyvi=\dimen317
\@easy@boxv=\box78
\@easy@minxv=\dimen318
\@easy@minyv=\dimen319
\@easy@maxxv=\dimen320
\@easy@maxyv=\dimen321
\@easy@boxiv=\box79
\@easy@minxiv=\dimen322
\@easy@minyiv=\dimen323
\@easy@maxxiv=\dimen324
\@easy@maxyiv=\dimen325
\@easy@boxiii=\box80
\@easy@minxiii=\dimen326
\@easy@minyiii=\dimen327
\@easy@maxxiii=\dimen328
\@easy@maxyiii=\dimen329
\@easy@boxii=\box81
\@easy@minxii=\dimen330
\@easy@minyii=\dimen331
\@easy@maxxii=\dimen332
\@easy@maxyii=\dimen333
\@easy@boxi=\box82
\@easy@minxi=\dimen334
\@easy@minyi=\dimen335
\@easy@maxxi=\dimen336
\@easy@maxyi=\dimen337
\@easy@hsizexxx=\dimen338
\@easy@vsizexxx=\dimen339
\@easy@hsizexxix=\dimen340
\@easy@vsizexxix=\dimen341
\@easy@hsizexxviii=\dimen342
\@easy@vsizexxviii=\dimen343
\@easy@hsizexxvii=\dimen344
\@easy@vsizexxvii=\dimen345
\@easy@hsizexxvi=\dimen346
\@easy@vsizexxvi=\dimen347
\@easy@hsizexxv=\dimen348
\@easy@vsizexxv=\dimen349
\@easy@hsizexxiv=\dimen350
\@easy@vsizexxiv=\dimen351
\@easy@hsizexxiii=\dimen352
\@easy@vsizexxiii=\dimen353
\@easy@hsizexxii=\dimen354
\@easy@vsizexxii=\dimen355
\@easy@hsizexxi=\dimen356
\@easy@vsizexxi=\dimen357
\@easy@hsizexx=\dimen358
\@easy@vsizexx=\dimen359
\@easy@hsizexix=\dimen360
\@easy@vsizexix=\dimen361
\@easy@hsizexviii=\dimen362
\@easy@vsizexviii=\dimen363
\@easy@hsizexvii=\dimen364
\@easy@vsizexvii=\dimen365
\@easy@hsizexvi=\dimen366
\@easy@vsizexvi=\dimen367
\@easy@hsizexv=\dimen368
\@easy@vsizexv=\dimen369
\@easy@hsizexiv=\dimen370
\@easy@vsizexiv=\dimen371
\@easy@hsizexiii=\dimen372
\@easy@vsizexiii=\dimen373
\@easy@hsizexii=\dimen374
\@easy@vsizexii=\dimen375
\@easy@hsizexi=\dimen376
\@easy@vsizexi=\dimen377
\@easy@hsizex=\dimen378
\@easy@vsizex=\dimen379
\@easy@hsizeix=\dimen380
\@easy@vsizeix=\dimen381
\@easy@hsizeviii=\dimen382
\@easy@vsizeviii=\dimen383
\@easy@hsizevii=\dimen384
\@easy@vsizevii=\dimen385
\@easy@hsizevi=\dimen386
\@easy@vsizevi=\dimen387
\@easy@hsizev=\dimen388
\@easy@vsizev=\dimen389
\@easy@hsizeiv=\dimen390
\@easy@vsizeiv=\dimen391
\@easy@hsizeiii=\dimen392
\@easy@vsizeiii=\dimen393
\@easy@hsizeii=\dimen394
\@easy@vsizeii=\dimen395
\@easy@hsizei=\dimen396
\@easy@vsizei=\dimen397
\@easy@dash@len=\dimen398
\@easy@dash@sep=\dimen399
)
Package: easytable 2001/05/31v1.1
\@tab@size@rule=\dimen400
\@tab@size@dash=\dimen401
) (C:\Users\Aria\AppData\Local\Programs\MiKTeX\tex/latex/tools\array.sty
Package: array 2026/02/24 v2.7b Tabular extension package (FMi)
\col@sep=\dimen402
\ar@mcellbox=\box83
\extrarowheight=\dimen403
\NC@list=\toks46
\extratabsurround=\skip59
\backup@length=\skip60
\ar@cellbox=\box84
) (C:\Users\Aria\AppData\Local\Programs\MiKTeX\tex/latex/nicematrix\nicematrix.sty
Package: nicematrix 2026/05/22 v7.9a Enhanced arrays with the help of PGF/TikZ
\l__nicematrix_tmpc_dim=\dimen404
\l__nicematrix_tmpd_dim=\dimen405
\l__nicematrix_tmpc_int=\count343
\g__nicematrix_env_int=\count344
\l__nicematrix_the_array_box=\box85
\g__nicematrix_NiceMatrixBlock_int=\count345
\g__nicematrix_notes_caption_int=\count346
\l__nicematrix_columns_width_dim=\dimen406
\l__nicematrix_col_width_dim=\dimen407
\g__nicematrix_row_total_int=\count347
\g__nicematrix_col_total_int=\count348
\g__nicematrix_last_row_node_int=\count349
\l__nicematrix_key_nb_rows_int=\count350
\g__nicematrix_blocks_wd_dim=\dimen408
\g__nicematrix_blocks_ht_dim=\dimen409
\g__nicematrix_blocks_dp_dim=\dimen410
\l__nicematrix_width_dim=\dimen411
\l__nicematrix_tabular_width_dim=\dimen412
\l__nicematrix_rule_width_before_dim=\dimen413
\l__nicematrix_rule_width_after_dim=\dimen414
\l__nicematrix_old_iRow_int=\count351
\l__nicematrix_old_jCol_int=\count352
\l__nicematrix_X_columns_dim=\dimen415
\l__nicematrix_x_initial_dim=\dimen416
\l__nicematrix_y_initial_dim=\dimen417
\l__nicematrix_x_final_dim=\dimen418
\l__nicematrix_y_final_dim=\dimen419
\g__nicematrix_dp_row_zero_dim=\dimen420
\g__nicematrix_ht_row_zero_dim=\dimen421
\g__nicematrix_ht_row_one_dim=\dimen422
\g__nicematrix_dp_ante_last_row_dim=\dimen423
\g__nicematrix_ht_last_row_dim=\dimen424
\g__nicematrix_dp_last_row_dim=\dimen425
\g__nicematrix_width_last_col_dim=\dimen426
\g__nicematrix_width_first_col_dim=\dimen427
\l__nicematrix_multiplicity_int=\count353
\g__nicematrix_ddots_int=\count354
\g__nicematrix_iddots_int=\count355
\g__nicematrix_delta_x_one_dim=\dimen428
\g__nicematrix_delta_y_one_dim=\dimen429
\g__nicematrix_delta_x_two_dim=\dimen430
\g__nicematrix_delta_y_two_dim=\dimen431
\l__nicematrix_row_min_int=\count356
\l__nicematrix_row_max_int=\count357
\l__nicematrix_col_min_int=\count358
\l__nicematrix_col_max_int=\count359
\l__nicematrix_initial_i_int=\count360
\l__nicematrix_initial_j_int=\count361
\l__nicematrix_final_i_int=\count362
\l__nicematrix_final_j_int=\count363
\l__nicematrix_segment_start_int=\count364
\l__nicematrix_segment_end_int=\count365
\g__nicematrix_static_num_of_col_int=\count366
\g__nicematrix_block_box_int=\count367
\l__nicematrix_first_row_int=\count368
\l__nicematrix_first_col_int=\count369
\l__nicematrix_last_row_int=\count370
\l__nicematrix_last_col_int=\count371
\c@tabularnote=\count372
\g__nicematrix_tabularnote_int=\count373
\c@nicematrix_draft=\count374
\l__nicematrix_xdots_inter_dim=\dimen432
\l__nicematrix_xdots_shorten_start_dim=\dimen433
\l__nicematrix_xdots_shorten_end_dim=\dimen434
\l__nicematrix_xdots_radius_dim=\dimen435
\l__nicematrix_brace_shift_dim=\dimen436
\l__nicematrix_trees_line_width_dim=\dimen437
\l__nicematrix_trees_rounded_corners_dim=\dimen438
\l__nicematrix_tab_rounded_corners_dim=\dimen439
\l__nicematrix_cell_space_top_limit_dim=\dimen440
\l__nicematrix_cell_space_bottom_limit_dim=\dimen441
\l__nicematrix_left_margin_dim=\dimen442
\l__nicematrix_right_margin_dim=\dimen443
\l__nicematrix_extra_left_margin_dim=\dimen444
\l__nicematrix_extra_right_margin_dim=\dimen445
\c__nicematrix_max_l_dim=\dimen446
\l__nicematrix_rounded_corners_dim=\dimen447
\l__nicematrix_position_int=\count375
\l__nicematrix_start_int=\count376
\l__nicematrix_end_int=\count377
\l__nicematrix_line_width_dim=\dimen448
\l__nicematrix_offset_dim=\dimen449
\l__nicematrix_submatrix_extra_height_dim=\dimen450
\l__nicematrix_submatrix_left_xshift_dim=\dimen451
\l__nicematrix_submatrix_right_xshift_dim=\dimen452
\l__nicematrix_brace_yshift_dim=\dimen453
) (C:\Users\Aria\AppData\Local\Programs\MiKTeX\tex/generic/pgf/libraries\pgflibraryarrows.meta.code.tex
File: pgflibraryarrows.meta.code.tex 2025-08-29 v3.1.11a (3.1.11a)
\pgfarrowinset=\dimen454
\pgfarrowlength=\dimen455
\pgfarrowwidth=\dimen456
\pgfarrowlinewidth=\dimen457
) (C:\Users\Aria\AppData\Local\Programs\MiKTeX\tex/generic/tikz-ext\tikzlibraryext.paths.ortho.code.tex (C:\Users\Aria\AppData\Local\Programs\MiKTeX\tex/generic/tikz-ext\tikzext-util.tex)) (C:\Users\Aria\AppData\Local\Programs\MiKTeX\tex/latex/mfirstuc\mfirstuc.sty
Package: mfirstuc 2025/04/03 v2.09 (NLCT)
\@glsmfirst=\toks47
\@glsmrest=\toks48
) (C:\Users\Aria\AppData\Local\Programs\MiKTeX\tex/latex/twemojis\twemojis.sty
Package: twemojis 2022/03/30 v1.3.1 LaTeX twemojis (twemoji v14.0.1)
 (C:\Users\Aria\AppData\Local\Programs\MiKTeX\tex/latex/base\ifthen.sty
Package: ifthen 2024/03/16 v1.1e Standard LaTeX ifthen package (DPC)
)
\twemojiDefaultHeight=\skip61
) (C:\Users\Aria\AppData\Local\Programs\MiKTeX\tex/latex/fontspec\fontspec.sty (C:\Users\Aria\AppData\Local\Programs\MiKTeX\tex/latex/l3packages/xparse\xparse.sty (C:\Users\Aria\AppData\Local\Programs\MiKTeX\tex/latex/l3kernel\expl3.sty
Package: expl3 2026-05-26 L3 programming layer (loader) 
 (C:\Users\Aria\AppData\Local\Programs\MiKTeX\tex/latex/l3backend\l3backend-xetex.def
File: l3backend-xetex.def 2026-02-18 L3 backend support: XeTeX
\g__graphics_track_int=\count378
\g__pdfannot_backend_int=\count379
\g__pdfannot_backend_link_int=\count380
))
Package: xparse 2025-10-09 L3 Experimental document command parser
)
Package: fontspec 2025/09/29 v2.9g Font selection for XeLaTeX and LuaLaTeX
 (C:\Users\Aria\AppData\Local\Programs\MiKTeX\tex/latex/fontspec\fontspec-xetex.sty
Package: fontspec-xetex 2025/09/29 v2.9g Font selection for XeLaTeX and LuaLaTeX
\l__fontspec_script_int=\count381
\l__fontspec_language_int=\count382
\l__fontspec_strnum_int=\count383
\l__fontspec_tmp_int=\count384
\l__fontspec_tmpa_int=\count385
\l__fontspec_tmpb_int=\count386
\l__fontspec_tmpc_int=\count387
\l__fontspec_em_int=\count388
\l__fontspec_emdef_int=\count389
\l__fontspec_strong_int=\count390
\l__fontspec_strongdef_int=\count391
\l__fontspec_tmpa_dim=\dimen458
\l__fontspec_tmpb_dim=\dimen459
\l__fontspec_tmpc_dim=\dimen460
 (C:\Users\Aria\AppData\Local\Programs\MiKTeX\tex/latex/base\fontenc.sty
Package: fontenc 2025/07/18 v2.1d Standard LaTeX package
) (C:\Users\Aria\AppData\Local\Programs\MiKTeX\tex/latex/fontspec\fontspec.cfg))) (C:\Users\Aria\AppData\Local\Programs\MiKTeX\tex/latex/parskip\parskip.sty
Package: parskip 2021-03-14 v2.0h non-zero parskip adjustments
) (C:\Users\Aria\AppData\Local\Programs\MiKTeX\tex/latex/emptypage\emptypage.sty
Package: emptypage 2010/05/30 v1.2 Suppress page numbers and headings on empty pages
) (fitch.sty
Package: fitch 2023-12-17 v1.0 Macros for Fitch-style natural deduction
\nd@dim=\skip62
\nd@ctr=\count392
\nd@n=\count393
)
\c@undefined=\count394
\c@definition=\count395
\c@theorem=\count396
\c@lemma=\count397
\c@axiom=\count398
\c@example=\count399
\c@exercise=\count400
\c@Rule=\count401
\c@Attention=\count402
\c@observation=\count403
\c@corollary=\count404
 (Logic.aux)
\openout1 = `Logic.aux'.

LaTeX Font Info:    Checking defaults for OML/cmm/m/it on input line 80.
LaTeX Font Info:    ... okay on input line 80.
LaTeX Font Info:    Checking defaults for OMS/cmsy/m/n on input line 80.
LaTeX Font Info:    ... okay on input line 80.
LaTeX Font Info:    Checking defaults for OT1/cmr/m/n on input line 80.
LaTeX Font Info:    ... okay on input line 80.
LaTeX Font Info:    Checking defaults for T1/cmr/m/n on input line 80.
LaTeX Font Info:    ... okay on input line 80.
LaTeX Font Info:    Checking defaults for TS1/cmr/m/n on input line 80.
LaTeX Font Info:    ... okay on input line 80.
LaTeX Font Info:    Checking defaults for TU/lmr/m/n on input line 80.
LaTeX Font Info:    ... okay on input line 80.
LaTeX Font Info:    Checking defaults for OMX/cmex/m/n on input line 80.
LaTeX Font Info:    ... okay on input line 80.
LaTeX Font Info:    Checking defaults for U/cmr/m/n on input line 80.
LaTeX Font Info:    ... okay on input line 80.
LaTeX Font Info:    Checking defaults for PD1/pdf/m/n on input line 80.
LaTeX Font Info:    ... okay on input line 80.
LaTeX Font Info:    Checking defaults for PU/pdf/m/n on input line 80.
LaTeX Font Info:    ... okay on input line 80.

*geometry* driver: auto-detecting
*geometry* detected driver: xetex
*geometry* verbose mode - [ preamble ] result:
* driver: xetex
* paper: a4paper
* layout: <same size as paper>
* layoutoffset:(h,v)=(0.0pt,0.0pt)
* modes: twoside 
* h-part:(L,W,R)=(71.70166pt, 418.25368pt, 107.55254pt)
* v-part:(T,H,B)=(101.40665pt, 591.5302pt, 152.11pt)
* \paperwidth=597.50787pt
* \paperheight=845.04684pt
* \textwidth=418.25368pt
* \textheight=591.5302pt
* \oddsidemargin=-0.56833pt
* \evensidemargin=35.28255pt
* \topmargin=-0.93083pt
* \headheight=12.0pt
* \headsep=18.06749pt
* \topskip=10.0pt
* \footskip=25.29494pt
* \marginparwidth=115.0pt
* \marginparsep=7.0pt
* \columnsep=10.0pt
* \skip\footins=9.0pt plus 4.0pt minus 2.0pt
* \hoffset=0.0pt
* \voffset=0.0pt
* \mag=1000
* \@twocolumnfalse
* \@twosidetrue
* \@mparswitchtrue
* \@reversemarginfalse
* (1in=72.27pt=25.4mm, 1cm=28.453pt)

Package hyperref Info: Link coloring OFF on input line 80.
(Logic.out) (Logic.out)
\@outlinefile=\write5
\openout5 = `Logic.out'.

\c__nicematrix_shift_Ldots_last_row_dim=\dimen461
\c__nicematrix_innersep_middle_dim=\dimen462
\c@tabularnotesi=\count405
\enitdp@tabularnotes=\count406
\c@tabularnotes*i=\count407
\enitdp@tabularnotes*=\count408

Package fontspec Info: 
(fontspec)             Adjusting the maths setup (use [no-math] to avoid
(fontspec)             this).

\symlegacymaths=\mathgroup6
LaTeX Font Info:    Overwriting symbol font `legacymaths' in version `bold'
(Font)                  OT1/cmr/m/n --> OT1/cmr/bx/n on input line 80.
LaTeX Font Info:    Redeclaring math accent \acute on input line 80.
LaTeX Font Info:    Redeclaring math accent \grave on input line 80.
LaTeX Font Info:    Redeclaring math accent \ddot on input line 80.
LaTeX Font Info:    Redeclaring math accent \tilde on input line 80.
LaTeX Font Info:    Redeclaring math accent \bar on input line 80.
LaTeX Font Info:    Redeclaring math accent \breve on input line 80.
LaTeX Font Info:    Redeclaring math accent \check on input line 80.
LaTeX Font Info:    Redeclaring math accent \hat on input line 80.
LaTeX Font Info:    Redeclaring math accent \dot on input line 80.
LaTeX Font Info:    Redeclaring math accent \mathring on input line 80.
LaTeX Font Info:    Redeclaring math symbol \Gamma on input line 80.
LaTeX Font Info:    Redeclaring math symbol \Delta on input line 80.
LaTeX Font Info:    Redeclaring math symbol \Theta on input line 80.
LaTeX Font Info:    Redeclaring math symbol \Lambda on input line 80.
LaTeX Font Info:    Redeclaring math symbol \Xi on input line 80.
LaTeX Font Info:    Redeclaring math symbol \Pi on input line 80.
LaTeX Font Info:    Redeclaring math symbol \Sigma on input line 80.
LaTeX Font Info:    Redeclaring math symbol \Upsilon on input line 80.
LaTeX Font Info:    Redeclaring math symbol \Phi on input line 80.
LaTeX Font Info:    Redeclaring math symbol \Psi on input line 80.
LaTeX Font Info:    Redeclaring math symbol \Omega on input line 80.
LaTeX Font Info:    Redeclaring math symbol \mathdollar on input line 80.
LaTeX Font Info:    Redeclaring symbol font `operators' on input line 80.
LaTeX Font Info:    Encoding `OT1' has changed to `TU' for symbol font
(Font)              `operators' in the math version `normal' on input line 80.
LaTeX Font Info:    Overwriting symbol font `operators' in version `normal'
(Font)                  OT1/cmr/m/n --> TU/lmr/m/n on input line 80.
LaTeX Font Info:    Encoding `OT1' has changed to `TU' for symbol font
(Font)              `operators' in the math version `bold' on input line 80.
LaTeX Font Info:    Overwriting symbol font `operators' in version `bold'
(Font)                  OT1/cmr/bx/n --> TU/lmr/m/n on input line 80.
LaTeX Font Info:    Overwriting symbol font `operators' in version `normal'
(Font)                  TU/lmr/m/n --> TU/lmr/m/n on input line 80.
LaTeX Font Info:    Overwriting math alphabet `\mathit' in version `normal'
(Font)                  OT1/cmr/m/it --> TU/lmr/m/it on input line 80.
LaTeX Font Info:    Overwriting math alphabet `\mathbf' in version `normal'
(Font)                  OT1/cmr/bx/n --> TU/lmr/b/n on input line 80.
LaTeX Font Info:    Overwriting math alphabet `\mathsf' in version `normal'
(Font)                  OT1/cmss/m/n --> TU/lmss/m/n on input line 80.
LaTeX Font Info:    Overwriting math alphabet `\mathtt' in version `normal'
(Font)                  OT1/cmtt/m/n --> TU/lmtt/m/n on input line 80.
LaTeX Font Info:    Overwriting symbol font `operators' in version `bold'
(Font)                  TU/lmr/m/n --> TU/lmr/b/n on input line 80.
LaTeX Font Info:    Overwriting math alphabet `\mathit' in version `bold'
(Font)                  OT1/cmr/bx/it --> TU/lmr/b/it on input line 80.
LaTeX Font Info:    Overwriting math alphabet `\mathsf' in version `bold'
(Font)                  OT1/cmss/bx/n --> TU/lmss/b/n on input line 80.
LaTeX Font Info:    Overwriting math alphabet `\mathtt' in version `bold'
(Font)                  OT1/cmtt/m/n --> TU/lmtt/b/n on input line 80.

Couldn't patch \deferred@thm@head!
[1



] [2

] (Logic.toc
LaTeX Font Info:    Trying to load font information for U+msa on input line 2.
 (C:\Users\Aria\AppData\Local\Programs\MiKTeX\tex/latex/amsfonts\umsa.fd
File: umsa.fd 2013/01/14 v3.01 AMS symbols A
)
LaTeX Font Info:    Trying to load font information for U+msb on input line 2.
 (C:\Users\Aria\AppData\Local\Programs\MiKTeX\tex/latex/amsfonts\umsb.fd
File: umsb.fd 2013/01/14 v3.01 AMS symbols B
) [3] [4])
\tf@toc=\write6
\openout6 = `Logic.toc'.

 [5] [6

]
Chapter 1.

Underfull \vbox (badness 10000) has occurred while \output is active []

 [1

] [2] [3] [4

]
Chapter 2.
[5]
Overfull \hbox (33.73763pt too wide) in paragraph at lines 335--354
[][] 
 []


Overfull \hbox (32.93764pt too wide) in paragraph at lines 364--390
[][] 
 []


Overfull \hbox (33.73763pt too wide) in paragraph at lines 391--418
[][] 
 []

[6]
Overfull \hbox (32.93764pt too wide) in paragraph at lines 432--451
[][] 
 []


Overfull \hbox (4.91396pt too wide) in paragraph at lines 454--462
[][] 
 []


Overfull \hbox (5.48515pt too wide) in paragraph at lines 464--476
[][] 
 []


Overfull \hbox (9.35837pt too wide) in paragraph at lines 478--491
[][] 
 []


Overfull \hbox (45.33765pt too wide) in paragraph at lines 452--495
[][] 
 []


Overfull \hbox (33.73763pt too wide) in paragraph at lines 496--533
[][] 
 []

[7]
Overfull \hbox (32.93764pt too wide) in paragraph at lines 545--587
[][] 
 []


Overfull \hbox (32.93764pt too wide) in paragraph at lines 588--632
[][] 
 []


Overfull \hbox (33.73763pt too wide) in paragraph at lines 637--660
[][] 
 []

[8]
Overfull \hbox (33.73763pt too wide) in paragraph at lines 671--686
[][] 
 []


Overfull \hbox (32.93764pt too wide) in paragraph at lines 687--706
[][] 
 []


Overfull \hbox (32.93764pt too wide) in paragraph at lines 723--753
[][] 
 []


Underfull \hbox (badness 10000) in paragraph at lines 783--787
[]
 []


Overfull \hbox (0.74188pt too wide) in paragraph at lines 783--787
[] 
 []


Underfull \hbox (badness 10000) in paragraph at lines 791--795
[]
 []


Overfull \hbox (0.74188pt too wide) in paragraph at lines 791--795
[] 
 []


Overfull \hbox (33.73763pt too wide) in paragraph at lines 763--802
[][] 
 []


Underfull \vbox (badness 10000) has occurred while \output is active []

 [9]
Overfull \hbox (2.76022pt too wide) in paragraph at lines 804--819
[][] 
 []


Overfull \hbox (32.93764pt too wide) in paragraph at lines 803--830
[][] 
 []

[10] [11] [12

]
Chapter 3.
[13]
Underfull \hbox (badness 10000) in paragraph at lines 958--961

 []


Underfull \hbox (badness 10000) in paragraph at lines 961--965

 []


Underfull \hbox (badness 10000) in paragraph at lines 976--978

 []


Underfull \hbox (badness 10000) in paragraph at lines 981--983

 []

[14]
Overfull \hbox (10.86604pt too wide) in paragraph at lines 1027--1030
[][]\TU/lmr/bx/n/10 definition 3.1.10. []\TU/lmr/bx/it/10 Universal quantification \TU/lmr/m/it/10 assume universe of discourse is “$\OMS/cmsy/m/n/10 f\OML/cmm/m/it/10 a[]; a[]; a[]; :::; a[]\OMS/cmsy/m/n/10 g$\TU/lmr/m/it/10 ”
 []


Underfull \hbox (badness 10000) in paragraph at lines 1027--1030

 []


Overfull \hbox (16.15605pt too wide) in paragraph at lines 1034--1037
[][]\TU/lmr/bx/n/10 definition 3.1.11. []\TU/lmr/bx/it/10 Existential quantification \TU/lmr/m/it/10 assume universe of discourse is “$\OMS/cmsy/m/n/10 f\OML/cmm/m/it/10 a[]; a[]; a[]; :::; a[]\OMS/cmsy/m/n/10 g$\TU/lmr/m/it/10 ”
 []


Underfull \hbox (badness 10000) in paragraph at lines 1034--1037

 []


Underfull \hbox (badness 1028) in paragraph at lines 1113--1114
[]$\OML/cmm/m/it/10 ^^^\OT1/cmr/m/n/10 (\OML/cmm/m/it/10 x\OT1/cmr/m/n/10 )$ \TU/lmr/m/it/10 must not be assumed in previous
 []


Overfull \hbox (33.73763pt too wide) in paragraph at lines 1054--1120
[][] 
 []

[15]
Overfull \hbox (32.53764pt too wide) in paragraph at lines 1121--1170
[][] 
 []


Overfull \hbox (33.73763pt too wide) in paragraph at lines 1176--1203
[][] 
 []


Underfull \vbox (badness 10000) has occurred while \output is active []

 [16]
Underfull \hbox (badness 10000) in paragraph at lines 1207--1210

 []

File: all-twemojis.pdf Graphic file (type pdf)
<use all-twemojis.pdf, page 1969>

Overfull \hbox (32.93764pt too wide) in paragraph at lines 1228--1257
[][] 
 []


Overfull \hbox (32.93764pt too wide) in paragraph at lines 1258--1307
[][] 
 []


Underfull \vbox (badness 10000) has occurred while \output is active []

 [17]
Overfull \hbox (32.93764pt too wide) in paragraph at lines 1308--1349
[][] 
 []


Overfull \hbox (8.57243pt too wide) in paragraph at lines 1366--1389
[][] 
 []


Overfull \hbox (32.93764pt too wide) in paragraph at lines 1350--1392
[][] 
 []


Underfull \vbox (badness 10000) has occurred while \output is active []

 [18] [19]
Overfull \hbox (3.96057pt too wide) in paragraph at lines 1415--1416
[]$\OMS/cmsy/m/n/10 8\OML/cmm/m/it/10 x\OMS/cmsy/m/n/10 9\OML/cmm/m/it/10 y[]\OMS/cmsy/m/n/10 9\OML/cmm/m/it/10 zP\OT1/cmr/m/n/10 (\OML/cmm/m/it/10 x; y; z\OT1/cmr/m/n/10 ) \OMS/cmsy/m/n/10 ^ \OML/cmm/m/it/10 Q\OT1/cmr/m/n/10 (\OML/cmm/m/it/10 x; y\OT1/cmr/m/n/10 )[] \OMS/cmsy/m/n/10 _ 8\OML/cmm/m/it/10 x\OMS/cmsy/m/n/10 9\OML/cmm/m/it/10 y\OMS/cmsy/m/n/10 9\OML/cmm/m/it/10 z[]P\OT1/cmr/m/n/10 (\OML/cmm/m/it/10 x; y; z\OT1/cmr/m/n/10 ) \OMS/cmsy/m/n/10 ^ \OML/cmm/m/it/10 R\OT1/cmr/m/n/10 (\OML/cmm/m/it/10 x; y\OT1/cmr/m/n/10 )[]/ \U/msa/m/n/10 ) \OMS/cmsy/m/n/10 8\OML/cmm/m/it/10 x\OMS/cmsy/m/n/10 9\OML/cmm/m/it/10 y\OMS/cmsy/m/n/10 9\OML/cmm/m/it/10 z[]P\OT1/cmr/m/n/10 (\OML/cmm/m/it/10 x; y; z\OT1/cmr/m/n/10 ) \OMS/cmsy/m/n/10 ^ \OT1/cmr/m/n/10 (\OML/cmm/m/it/10 Q\OT1/cmr/m/n/10 (\OML/cmm/m/it/10 x; y\OT1/cmr/m/n/10 ) \OMS/cmsy/m/n/10 _
 []

[20]
Chapter 4.

Overfull \hbox (33.73763pt too wide) in paragraph at lines 1461--1481
[][] 
 []

[21

]
Overfull \hbox (32.53764pt too wide) in paragraph at lines 1482--1503
[][] 
 []


Underfull \hbox (badness 10000) in paragraph at lines 1521--1523

 []


Underfull \hbox (badness 10000) in paragraph at lines 1552--1556
[]
 []


Overfull \hbox (4.58907pt too wide) in paragraph at lines 1552--1556
[] 
 []


Underfull \hbox (badness 10000) in paragraph at lines 1560--1564
[]
 []


Overfull \hbox (4.00227pt too wide) in paragraph at lines 1560--1564
[] 
 []


Overfull \hbox (33.73763pt too wide) in paragraph at lines 1533--1570
[][] 
 []

[22]
Underfull \hbox (badness 10000) in paragraph at lines 1602--1607

 []


Overfull \hbox (13.44377pt too wide) in paragraph at lines 1607--1613
\TU/lmr/m/it/10 by axiom of extentionality we can show that $\OML/cmm/m/it/10 X$ \TU/lmr/m/it/10 is unique. so we denote it as “$\OMS/cmsy/m/n/10 f\OML/cmm/m/it/10 x \OMS/cmsy/m/n/10 j \OML/cmm/m/it/10 ^^^\OT1/cmr/m/n/10 (\OML/cmm/m/it/10 x; x[]; x[]; :::; x[]\OT1/cmr/m/n/10 )\OMS/cmsy/m/n/10 g$\TU/lmr/m/it/10 ”.
 []

[23]
Overfull \hbox (33.73763pt too wide) in paragraph at lines 1690--1727
[][] 
 []


Underfull \vbox (badness 10000) has occurred while \output is active []

 [24]
Overfull \hbox (32.53764pt too wide) in paragraph at lines 1728--1758
[][] 
 []

File: all-twemojis.pdf Graphic file (type pdf)
<use all-twemojis.pdf, page 1969>

Overfull \hbox (33.73763pt too wide) in paragraph at lines 1775--1804
[][] 
 []


Underfull \hbox (badness 10000) in paragraph at lines 1775--1804

 []


Underfull \hbox (badness 10000) in paragraph at lines 1775--1804

 []


Underfull \vbox (badness 10000) has occurred while \output is active []

 [25]
Underfull \hbox (badness 10000) in paragraph at lines 1838--1841
[]
 []


Overfull \hbox (9.86688pt too wide) in paragraph at lines 1838--1841
[] 
 []


Underfull \hbox (badness 10000) in paragraph at lines 1845--1848
[]
 []


Overfull \hbox (9.86688pt too wide) in paragraph at lines 1845--1848
[] 
 []

File: all-twemojis.pdf Graphic file (type pdf)
<use all-twemojis.pdf, page 1969>

Overfull \hbox (33.73763pt too wide) in paragraph at lines 1826--1886
[][] 
 []


Underfull \hbox (badness 10000) in paragraph at lines 1826--1886

 []


Underfull \hbox (badness 10000) in paragraph at lines 1826--1886

 []


Underfull \vbox (badness 10000) has occurred while \output is active []

 [26]
File: all-twemojis.pdf Graphic file (type pdf)
<use all-twemojis.pdf, page 1969>

Overfull \hbox (33.73763pt too wide) in paragraph at lines 1910--1951
[][] 
 []


Underfull \hbox (badness 10000) in paragraph at lines 1910--1951

 []


Underfull \hbox (badness 10000) in paragraph at lines 1910--1951

 []


Underfull \vbox (badness 2205) has occurred while \output is active []

 [27]
File: all-twemojis.pdf Graphic file (type pdf)
<use all-twemojis.pdf, page 1969>

Overfull \hbox (33.73763pt too wide) in paragraph at lines 1963--1989
[][] 
 []


Underfull \hbox (badness 10000) in paragraph at lines 1963--1989

 []


Underfull \hbox (badness 10000) in paragraph at lines 1963--1989

 []


Underfull \hbox (badness 10000) in paragraph at lines 2021--2024
[]
 []


Overfull \hbox (12.08911pt too wide) in paragraph at lines 2021--2024
[] 
 []


Underfull \hbox (badness 10000) in paragraph at lines 2028--2031
[]
 []


Overfull \hbox (12.08911pt too wide) in paragraph at lines 2028--2031
[] 
 []

File: all-twemojis.pdf Graphic file (type pdf)
<use all-twemojis.pdf, page 1969>

Overfull \hbox (33.73763pt too wide) in paragraph at lines 2010--2042
[][] 
 []


Underfull \hbox (badness 10000) in paragraph at lines 2010--2042

 []


Underfull \hbox (badness 10000) in paragraph at lines 2010--2042

 []

[28]
File: all-twemojis.pdf Graphic file (type pdf)
<use all-twemojis.pdf, page 1969>

Underfull \hbox (badness 10000) in paragraph at lines 2045--2049

 []

File: all-twemojis.pdf Graphic file (type pdf)
<use all-twemojis.pdf, page 1969>

Overfull \hbox (33.73763pt too wide) in paragraph at lines 2079--2097
[][] 
 []


Underfull \hbox (badness 10000) in paragraph at lines 2079--2097

 []


Underfull \hbox (badness 10000) in paragraph at lines 2079--2097

 []

File: all-twemojis.pdf Graphic file (type pdf)
<use all-twemojis.pdf, page 1969>
[29] [30

]
Chapter 5.
File: all-twemojis.pdf Graphic file (type pdf)
<use all-twemojis.pdf, page 1969>

Underfull \hbox (badness 10000) in paragraph at lines 2126--2130

 []

[31]
File: all-twemojis.pdf Graphic file (type pdf)
<use all-twemojis.pdf, page 1969>

Overfull \hbox (33.73763pt too wide) in paragraph at lines 2208--2234
[][] 
 []


Underfull \hbox (badness 10000) in paragraph at lines 2208--2234

 []


Underfull \hbox (badness 10000) in paragraph at lines 2208--2234

 []

File: all-twemojis.pdf Graphic file (type pdf)
<use all-twemojis.pdf, page 1969>

Overfull \hbox (33.73763pt too wide) in paragraph at lines 2239--2257
[][] 
 []


Underfull \hbox (badness 10000) in paragraph at lines 2239--2257

 []


Underfull \hbox (badness 10000) in paragraph at lines 2239--2257

 []

File: all-twemojis.pdf Graphic file (type pdf)
<use all-twemojis.pdf, page 1969>
Missing character: There is no ِ in font [lmroman10-bolditalic]:mapping=tex-text;!
[32]
File: R-Im-Dom (1).pdf Graphic file (type pdf)
<use R-Im-Dom (1).pdf>
File: all-twemojis.pdf Graphic file (type pdf)
<use all-twemojis.pdf, page 1969>

Overfull \hbox (33.73763pt too wide) in paragraph at lines 2313--2336
[][] 
 []


Underfull \hbox (badness 10000) in paragraph at lines 2313--2336

 []


Underfull \hbox (badness 10000) in paragraph at lines 2313--2336

 []

File: all-twemojis.pdf Graphic file (type pdf)
<use all-twemojis.pdf, page 1969>

Overfull \hbox (33.73763pt too wide) in paragraph at lines 2341--2364
[][] 
 []


Underfull \hbox (badness 10000) in paragraph at lines 2341--2364

 []


Underfull \hbox (badness 10000) in paragraph at lines 2341--2364

 []


Underfull \hbox (badness 10000) in paragraph at lines 2367--2368

 []


Underfull \vbox (badness 1205) has occurred while \output is active []

 [33]
File: all-twemojis.pdf Graphic file (type pdf)
<use all-twemojis.pdf, page 1969>

Overfull \hbox (33.73763pt too wide) in paragraph at lines 2380--2404
[][] 
 []


Underfull \hbox (badness 10000) in paragraph at lines 2380--2404

 []


Underfull \hbox (badness 10000) in paragraph at lines 2380--2404

 []


Underfull \hbox (badness 10000) in paragraph at lines 2407--2408

 []

File: all-twemojis.pdf Graphic file (type pdf)
<use all-twemojis.pdf, page 1969>

Overfull \hbox (33.73763pt too wide) in paragraph at lines 2420--2446
[][] 
 []


Underfull \hbox (badness 10000) in paragraph at lines 2420--2446

 []


Underfull \hbox (badness 10000) in paragraph at lines 2420--2446

 []


Underfull \hbox (badness 10000) in paragraph at lines 2449--2450

 []

[34]
File: all-twemojis.pdf Graphic file (type pdf)
<use all-twemojis.pdf, page 1969>

Overfull \hbox (33.73763pt too wide) in paragraph at lines 2461--2504
[][] 
 []


Underfull \hbox (badness 10000) in paragraph at lines 2461--2504

 []


Underfull \hbox (badness 10000) in paragraph at lines 2461--2504

 []

File: all-twemojis.pdf Graphic file (type pdf)
<use all-twemojis.pdf, page 1969>

Overfull \hbox (33.73763pt too wide) in paragraph at lines 2517--2543
[][] 
 []


Underfull \hbox (badness 10000) in paragraph at lines 2517--2543

 []


Underfull \hbox (badness 10000) in paragraph at lines 2517--2543

 []

[35]
Overfull \hbox (33.73763pt too wide) in paragraph at lines 2562--2582
[][] 
 []

[36]
Overfull \hbox (33.73763pt too wide) in paragraph at lines 2635--2706
[][] 
 []


Underfull \hbox (badness 10000) in paragraph at lines 2635--2706

 []


Overfull \hbox (32.53764pt too wide) in paragraph at lines 2707--2736
[][] 
 []


Underfull \hbox (badness 10000) in paragraph at lines 2753--2755

 []

File: all-twemojis.pdf Graphic file (type pdf)
<use all-twemojis.pdf, page 1969>
[37]
File: all-twemojis.pdf Graphic file (type pdf)
<use all-twemojis.pdf, page 1969>
File: all-twemojis.pdf Graphic file (type pdf)
<use all-twemojis.pdf, page 1969>

Overfull \hbox (33.73763pt too wide) in paragraph at lines 2796--2822
[][] 
 []


Underfull \hbox (badness 10000) in paragraph at lines 2796--2822

 []


Underfull \hbox (badness 10000) in paragraph at lines 2796--2822

 []

[38]
Underfull \vbox (badness 10000) has occurred while \output is active []

 [39] [40]
File: all-twemojis.pdf Graphic file (type pdf)
<use all-twemojis.pdf, page 1969>

Overfull \hbox (33.73763pt too wide) in paragraph at lines 2966--3007
[][] 
 []


Underfull \hbox (badness 10000) in paragraph at lines 2966--3007

 []


Underfull \hbox (badness 10000) in paragraph at lines 2966--3007

 []


Underfull \vbox (badness 10000) has occurred while \output is active []

 [41]
LaTeX Font Info:    Trying to load font information for U+euf on input line 3012.
 (C:\Users\Aria\AppData\Local\Programs\MiKTeX\tex/latex/amsfonts\ueuf.fd
File: ueuf.fd 2013/01/14 v3.01 Euler Fraktur
)
Underfull \hbox (badness 10000) in paragraph at lines 3038--3054

 []

[42]
File: all-twemojis.pdf Graphic file (type pdf)
<use all-twemojis.pdf, page 1969>
File: all-twemojis.pdf Graphic file (type pdf)
<use all-twemojis.pdf, page 1969>

Overfull \hbox (33.73763pt too wide) in paragraph at lines 3082--3100
[][] 
 []


Underfull \hbox (badness 10000) in paragraph at lines 3082--3100

 []


Underfull \hbox (badness 10000) in paragraph at lines 3082--3100

 []


Overfull \hbox (32.53764pt too wide) in paragraph at lines 3110--3143
[] 
 []

[43]
Overfull \hbox (32.53764pt too wide) in paragraph at lines 3144--3182
[] 
 []

[44]
Underfull \vbox (badness 10000) has occurred while \output is active []

 [45]
Underfull \vbox (badness 10000) has occurred while \output is active []

 [46]
Underfull \hbox (badness 10000) in paragraph at lines 3340--3342

 []

[47]
Underfull \vbox (badness 10000) has occurred while \output is active []

 [48]
Underfull \vbox (badness 10000) has occurred while \output is active []

 [49]
Underfull \hbox (badness 10000) in paragraph at lines 3483--3485

 []

[50]
Underfull \vbox (badness 1147) has occurred while \output is active []

 [51]
Overfull \hbox (17.30124pt too wide) in paragraph at lines 3575--3597
[][] 
 []


Overfull \hbox (10.57622pt too wide) in paragraph at lines 3600--3622
[][] 
 []

[52]
Underfull \vbox (badness 2478) has occurred while \output is active []

 [53]
Overfull \hbox (66.26952pt too wide) in paragraph at lines 3750--3771
[][] 
 []


Underfull \vbox (badness 10000) has occurred while \output is active []

 [54]
Overfull \hbox (47.81691pt too wide) in paragraph at lines 3776--3788
[][] 
 []

[55] [56

]
Chapter 6.
File: all-twemojis.pdf Graphic file (type pdf)
<use all-twemojis.pdf, page 1969>
[57] [58]
Overfull \hbox (56.81142pt too wide) in paragraph at lines 3937--3944
[][] 
 []

[59]
File: all-twemojis.pdf Graphic file (type pdf)
<use all-twemojis.pdf, page 1969>
 [60] [61] [62] [63] [64] [65] [66]
Chapter 7.
[67

]
File: all-twemojis.pdf Graphic file (type pdf)
<use all-twemojis.pdf, page 1969>

Underfull \hbox (badness 10000) in paragraph at lines 4542--4544

 []

[68]
File: all-twemojis.pdf Graphic file (type pdf)
<use all-twemojis.pdf, page 1969>
File: all-twemojis.pdf Graphic file (type pdf)
<use all-twemojis.pdf, page 1969>
 [69] [70]
Underfull \vbox (badness 10000) has occurred while \output is active []

 [71]
Underfull \vbox (badness 10000) has occurred while \output is active []

 [72] [73] [74] [75]
Overfull \hbox (40.18999pt too wide) in paragraph at lines 5029--5093
[][] 
 []

[76]
Overfull \hbox (65.7086pt too wide) in paragraph at lines 5171--5185
[][] 
 []

[77]
File: all-twemojis.pdf Graphic file (type pdf)
<use all-twemojis.pdf, page 1969>
File: all-twemojis.pdf Graphic file (type pdf)
<use all-twemojis.pdf, page 1969>

Underfull \vbox (badness 10000) has occurred while \output is active []

 [78]
File: all-twemojis.pdf Graphic file (type pdf)
<use all-twemojis.pdf, page 1969>
 [79] [80

]
Chapter 8.

Package hyperref Warning: Token not allowed in a PDF string (Unicode):
(hyperref)                removing `math shift' on input line 5318.


Package hyperref Warning: Token not allowed in a PDF string (Unicode):
(hyperref)                removing `math shift' on input line 5318.

[81]
File: all-twemojis.pdf Graphic file (type pdf)
<use all-twemojis.pdf, page 1969>
File: all-twemojis.pdf Graphic file (type pdf)
<use all-twemojis.pdf, page 1969>
File: all-twemojis.pdf Graphic file (type pdf)
<use all-twemojis.pdf, page 1969>


Package hyperref Warning: Token not allowed in a PDF string (Unicode):
(hyperref)                removing `math shift' on input line 5405.


Package hyperref Warning: Token not allowed in a PDF string (Unicode):
(hyperref)                removing `math shift' on input line 5405.

[82]
File: all-twemojis.pdf Graphic file (type pdf)
<use all-twemojis.pdf, page 1969>
File: all-twemojis.pdf Graphic file (type pdf)
<use all-twemojis.pdf, page 1969>
 [83]
File: all-twemojis.pdf Graphic file (type pdf)
<use all-twemojis.pdf, page 1969>


Package hyperref Warning: Token not allowed in a PDF string (Unicode):
(hyperref)                removing `math shift' on input line 5500.


Package hyperref Warning: Token not allowed in a PDF string (Unicode):
(hyperref)                removing `math shift' on input line 5500.

[84] [85]
Underfull \hbox (badness 10000) in paragraph at lines 5616--5617

 []

File: all-twemojis.pdf Graphic file (type pdf)
<use all-twemojis.pdf, page 1969>
File: all-twemojis.pdf Graphic file (type pdf)
<use all-twemojis.pdf, page 1969>
[86]
File: all-twemojis.pdf Graphic file (type pdf)
<use all-twemojis.pdf, page 1969>


Package hyperref Warning: Token not allowed in a PDF string (Unicode):
(hyperref)                removing `math shift' on input line 5677.


Package hyperref Warning: Token not allowed in a PDF string (Unicode):
(hyperref)                removing `math shift' on input line 5677.

[87] [88] [89] [90

]
Chapter 9.

Underfull \hbox (badness 10000) in paragraph at lines 5835--5836

 []


Underfull \vbox (badness 1701) has occurred while \output is active []

 [91]
Underfull \hbox (badness 10000) in paragraph at lines 5891--5892

 []


Underfull \vbox (badness 10000) has occurred while \output is active []

 [92] [93]
File: all-twemojis.pdf Graphic file (type pdf)
<use all-twemojis.pdf, page 1969>
 [94]
Overfull \vbox (22.8585pt too high) has occurred while \output is active []

 [95]
Underfull \hbox (badness 10000) in paragraph at lines 6151--6153

 []

File: all-twemojis.pdf Graphic file (type pdf)
<use all-twemojis.pdf, page 1969>

Underfull \hbox (badness 10000) in paragraph at lines 6164--6165

 []


Overfull \hbox (22.2401pt too wide) in paragraph at lines 6165--6215
[][] 
 []


Underfull \vbox (badness 10000) has occurred while \output is active []

 [96]
Underfull \vbox (badness 10000) has occurred while \output is active []

 [97] [98]
Underfull \vbox (badness 4366) has occurred while \output is active []

 [99] [100]
Underfull \vbox (badness 10000) has occurred while \output is active []

 [101]
Underfull \vbox (badness 10000) has occurred while \output is active []

 [102]
File: all-twemojis.pdf Graphic file (type pdf)
<use all-twemojis.pdf, page 1969>
 [103] [104] [105] [106]
Underfull \hbox (badness 10000) in paragraph at lines 6834--6835

 []

[107]
File: all-twemojis.pdf Graphic file (type pdf)
<use all-twemojis.pdf, page 1969>
 [108]
File: all-twemojis.pdf Graphic file (type pdf)
<use all-twemojis.pdf, page 1969>
File: all-twemojis.pdf Graphic file (type pdf)
<use all-twemojis.pdf, page 1969>
File: all-twemojis.pdf Graphic file (type pdf)
<use all-twemojis.pdf, page 1969>
 [109] [110

]
Chapter 10.
File: all-twemojis.pdf Graphic file (type pdf)
<use all-twemojis.pdf, page 1969>

Underfull \hbox (badness 10000) in paragraph at lines 7011--7013

 []

File: all-twemojis.pdf Graphic file (type pdf)
<use all-twemojis.pdf, page 1969>

Underfull \hbox (badness 10000) in paragraph at lines 7022--7024

 []

File: all-twemojis.pdf Graphic file (type pdf)
<use all-twemojis.pdf, page 1969>
[111] [112]
File: all-twemojis.pdf Graphic file (type pdf)
<use all-twemojis.pdf, page 1969>
 [113] [114]
File: all-twemojis.pdf Graphic file (type pdf)
<use all-twemojis.pdf, page 1969>
 [115] [116] [117] [118] [119] [120]

Package fitch Warning: Undefined line reference: T on input line 7772.


Underfull \vbox (badness 1845) has occurred while \output is active []

 [121]

Package fitch Warning: Undefined line reference: F on input line 7810.

[122] [123] [124]
File: all-twemojis.pdf Graphic file (type pdf)
<use all-twemojis.pdf, page 1969>
File: all-twemojis.pdf Graphic file (type pdf)
<use all-twemojis.pdf, page 1969>
 [125]
File: all-twemojis.pdf Graphic file (type pdf)
<use all-twemojis.pdf, page 1969>
File: all-twemojis.pdf Graphic file (type pdf)
<use all-twemojis.pdf, page 1969>
File: all-twemojis.pdf Graphic file (type pdf)
<use all-twemojis.pdf, page 1969>
 [126]
Chapter 11.
[127

] [128

]
Chapter 12.
[129] [130

]
Chapter 13.

Package hyperref Warning: Token not allowed in a PDF string (Unicode):
(hyperref)                removing `math shift' on input line 8087.


Package hyperref Warning: Token not allowed in a PDF string (Unicode):
(hyperref)                removing `math shift' on input line 8087.

[131] [132] [133] [134] [135] [136]

Package hyperref Warning: Token not allowed in a PDF string (Unicode):
(hyperref)                removing `math shift' on input line 8620.


Package hyperref Warning: Token not allowed in a PDF string (Unicode):
(hyperref)                removing `math shift' on input line 8620.

[137] [138] [139] [140] [141] [142] [143] [144]
Chapter 14.

Package hyperref Warning: Token not allowed in a PDF string (Unicode):
(hyperref)                removing `math shift' on input line 9166.


Package hyperref Warning: Token not allowed in a PDF string (Unicode):
(hyperref)                removing `math shift' on input line 9166.


Overfull \hbox (57.54887pt too wide) in paragraph at lines 9166--9166
\TU/lmr/bx/n/24.88 numbers($\U/msb/m/n/24.88 Z\OT1/cmr/m/n/24.88 (\OML/cmm/m/it/24.88 Ord\OT1/cmr/m/n/24.88 )\OML/cmm/m/it/24.88 ; \U/msb/m/n/24.88 Q\OT1/cmr/m/n/24.88 (\OML/cmm/m/it/24.88 Ord\OT1/cmr/m/n/24.88 )\OML/cmm/m/it/24.88 ; \U/msb/m/n/24.88 R\OT1/cmr/m/n/24.88 (\OML/cmm/m/it/24.88 Ord\OT1/cmr/m/n/24.88 )\OML/cmm/m/it/24.88 ; \U/msb/m/n/24.88 C\OT1/cmr/m/n/24.88 (\OML/cmm/m/it/24.88 Ord\OT1/cmr/m/n/24.88 )$\TU/lmr/bx/n/24.88 )  
 []


Package hyperref Warning: Token not allowed in a PDF string (Unicode):
(hyperref)                removing `math shift' on input line 9168.


Package hyperref Warning: Token not allowed in a PDF string (Unicode):
(hyperref)                removing `math shift' on input line 9168.

File: all-twemojis.pdf Graphic file (type pdf)
<use all-twemojis.pdf, page 1969>
File: all-twemojis.pdf Graphic file (type pdf)
<use all-twemojis.pdf, page 1969>
[145

]
File: all-twemojis.pdf Graphic file (type pdf)
<use all-twemojis.pdf, page 1969>
File: all-twemojis.pdf Graphic file (type pdf)
<use all-twemojis.pdf, page 1969>
File: all-twemojis.pdf Graphic file (type pdf)
<use all-twemojis.pdf, page 1969>
File: all-twemojis.pdf Graphic file (type pdf)
<use all-twemojis.pdf, page 1969>


Package hyperref Warning: Token not allowed in a PDF string (Unicode):
(hyperref)                removing `math shift' on input line 9256.


Package hyperref Warning: Token not allowed in a PDF string (Unicode):
(hyperref)                removing `math shift' on input line 9256.

[146]
File: all-twemojis.pdf Graphic file (type pdf)
<use all-twemojis.pdf, page 1969>
File: all-twemojis.pdf Graphic file (type pdf)
<use all-twemojis.pdf, page 1969>
File: all-twemojis.pdf Graphic file (type pdf)
<use all-twemojis.pdf, page 1969>
File: all-twemojis.pdf Graphic file (type pdf)
<use all-twemojis.pdf, page 1969>
 [147]
File: all-twemojis.pdf Graphic file (type pdf)
<use all-twemojis.pdf, page 1969>

Overfull \hbox (4.51492pt too wide) in paragraph at lines 9338--9340
[][]\TU/lmr/bx/n/10 Theorem 14.2.3. []\TU/lmr/bx/it/10 Order of fantacy Rational numbers($\U/msb/m/n/10 Q\OT1/cmr/m/n/10 (\OML/cmm/m/it/10 Ord\OT1/cmr/m/n/10 )$\TU/lmr/bx/it/10 ) \TU/lmr/m/it/10 prove for “$\OT1/cmr/m/n/10 (\U/msb/m/n/10 Q\OT1/cmr/m/n/10 (\OML/cmm/m/it/10 Ord\OT1/cmr/m/n/10 )\OML/cmm/m/it/10 ; <[]
 []

File: all-twemojis.pdf Graphic file (type pdf)
<use all-twemojis.pdf, page 1969>

Package hyperref Warning: Token not allowed in a PDF string (Unicode):
(hyperref)                removing `math shift' on input line 9352.


Package hyperref Warning: Token not allowed in a PDF string (Unicode):
(hyperref)                removing `math shift' on input line 9352.


Overfull \hbox (3.66527pt too wide) in paragraph at lines 9381--9385
[]\TU/lmr/m/n/10 we define an equivalence relation “$\OT1/cmr/m/n/10 (\OML/cmm/m/it/10 a[]\OT1/cmr/m/n/10 )[] \OMS/cmsy/m/n/10 ^^X \OT1/cmr/m/n/10 (\OML/cmm/m/it/10 b[]\OT1/cmr/m/n/10 )[] : \OMS/cmsy/m/n/10 8\OML/cmm/m/it/10 ^^O > \OT1/cmr/m/n/10 0 \OMS/cmsy/m/n/10 9\OML/cmm/m/it/10 N \OMS/cmsy/m/n/10 8\OML/cmm/m/it/10 n N < n < roof\OT1/cmr/m/n/10 (\OML/cmm/m/it/10 N\OT1/cmr/m/n/10 ) \OMS/cmsy/m/n/10 !
 []

[148]
File: all-twemojis.pdf Graphic file (type pdf)
<use all-twemojis.pdf, page 1969>
File: all-twemojis.pdf Graphic file (type pdf)
<use all-twemojis.pdf, page 1969>

Underfull \hbox (badness 10000) in paragraph at lines 9410--9411

 []

File: all-twemojis.pdf Graphic file (type pdf)
<use all-twemojis.pdf, page 1969>
File: all-twemojis.pdf Graphic file (type pdf)
<use all-twemojis.pdf, page 1969>
[149]
File: all-twemojis.pdf Graphic file (type pdf)
<use all-twemojis.pdf, page 1969>
File: all-twemojis.pdf Graphic file (type pdf)
<use all-twemojis.pdf, page 1969>


Package hyperref Warning: Token not allowed in a PDF string (Unicode):
(hyperref)                removing `math shift' on input line 9473.


Package hyperref Warning: Token not allowed in a PDF string (Unicode):
(hyperref)                removing `math shift' on input line 9473.

File: all-twemojis.pdf Graphic file (type pdf)
<use all-twemojis.pdf, page 1969>
File: all-twemojis.pdf Graphic file (type pdf)
<use all-twemojis.pdf, page 1969>
[150]
File: all-twemojis.pdf Graphic file (type pdf)
<use all-twemojis.pdf, page 1969>
File: all-twemojis.pdf Graphic file (type pdf)
<use all-twemojis.pdf, page 1969>
File: all-twemojis.pdf Graphic file (type pdf)
<use all-twemojis.pdf, page 1969>
File: all-twemojis.pdf Graphic file (type pdf)
<use all-twemojis.pdf, page 1969>
File: all-twemojis.pdf Graphic file (type pdf)
<use all-twemojis.pdf, page 1969>
File: all-twemojis.pdf Graphic file (type pdf)
<use all-twemojis.pdf, page 1969>
File: all-twemojis.pdf Graphic file (type pdf)
<use all-twemojis.pdf, page 1969>
 [151]
File: all-twemojis.pdf Graphic file (type pdf)
<use all-twemojis.pdf, page 1969>
File: all-twemojis.pdf Graphic file (type pdf)
<use all-twemojis.pdf, page 1969>
File: all-twemojis.pdf Graphic file (type pdf)
<use all-twemojis.pdf, page 1969>
File: all-twemojis.pdf Graphic file (type pdf)
<use all-twemojis.pdf, page 1969>
 [152]
Chapter 15.
[153

] [154

]
Chapter 16.
[155] [156

]
Chapter 17.
[157] (Logic.aux)
 ***********
LaTeX2e <2026-06-01>
L3 programming layer <2026-05-26>
 ***********
Package rerunfilecheck Info: File `Logic.out' has not changed.
(rerunfilecheck)             Checksum: B5610C5FAEDF11F49D2F8D77B0A953FE;12365.
 ) 
Here is how much of TeX's memory you used:
 37576 strings out of 402628
 863928 string characters out of 5439320
 1433418 words of memory out of 5000000
 66202 multiletter control sequences out of 15000+600000
 643152 words of font info for 124 fonts, out of 8000000 for 9000
 1348 hyphenation exceptions out of 8191
 84i,25n,104p,555b,727s stack positions out of 10000i,1000n,20000p,200000b,200000s

Output written on Logic.xdv (163 pages, 1249148 bytes).
