\BOOKMARK [0][-]{chapter.1}{\376\377\000A\000t\000o\000m\000e\000s}{}% 1
\BOOKMARK [1][-]{section.1.1}{\376\377\000B\000a\000s\000i\000c\000\040\000t\000o\000o\000l\000s}{chapter.1}% 2
\BOOKMARK [0][-]{chapter.2}{\376\377\000p\000r\000o\000p\000o\000s\000i\000t\000i\000o\000n\000a\000l\000\040\000l\000o\000g\000i\000c\000\040\000\050\000z\000e\000r\000o\000t\000h\000-\000o\000r\000d\000e\000r\000\040\000l\000o\000g\000i\000c\000\051}{}% 3
\BOOKMARK [1][-]{section.2.1}{\376\377\000W\000h\000a\000t\000\040\000i\000s\000\040\000p\000r\000o\000p\000o\000s\000i\000t\000i\000o\000n\000?}{chapter.2}% 4
\BOOKMARK [1][-]{section.2.2}{\376\377\000R\000u\000l\000e\000s\000\040\000o\000f\000\040\000p\000r\000o\000p\000o\000s\000i\000t\000i\000o\000n\000s\000.}{chapter.2}% 5
\BOOKMARK [0][-]{chapter.3}{\376\377\000f\000i\000r\000s\000t\000-\000o\000r\000d\000e\000r\000\040\000l\000o\000g\000i\000c}{}% 6
\BOOKMARK [1][-]{section.3.1}{\376\377\000w\000h\000a\000t\000\040\000i\000s\000\040\000f\000o\000r\000m\000u\000l\000a\000?}{chapter.3}% 7
\BOOKMARK [1][-]{section.3.2}{\376\377\000R\000u\000l\000e\000s\000\040\000o\000f\000\040\000f\000i\000r\000s\000t\000\040\000o\000r\000d\000e\000r\000\040\000l\000o\000g\000i\000c\000.}{chapter.3}% 8
\BOOKMARK [0][-]{chapter.4}{\376\377\000T\000h\000e\000\040\000b\000e\000g\000i\000n\000n\000i\000n\000g\000\040\000o\000f\000\040\000s\000e\000t\000\040\000t\000h\000e\000o\000r\000y}{}% 9
\BOOKMARK [1][-]{section.4.1}{\376\377\000A\000x\000i\000o\000m\000s\000\040\000o\000f\000\040\000s\000e\000t\000\040\000t\000h\000e\000o\000r\000y}{chapter.4}% 10
\BOOKMARK [0][-]{chapter.5}{\376\377\000R\000e\000l\000a\000t\000i\000o\000n\000s\000\040\000a\000n\000d\000\040\000F\000u\000n\000c\000t\000i\000o\000n\000s}{}% 11
\BOOKMARK [1][-]{section.5.1}{\376\377\000O\000r\000d\000e\000r\000d\000\040\000p\000a\000i\000r\000\040\000a\000n\000d\000\040\000C\000a\000r\000t\000e\000s\000i\000a\000n\000\040\000p\000r\000o\000d\000u\000c\000t}{chapter.5}% 12
\BOOKMARK [1][-]{section.5.2}{\376\377\000R\000e\000l\000a\000t\000i\000o\000n\000s}{chapter.5}% 13
\BOOKMARK [1][-]{section.5.3}{\376\377\000F\000u\000n\000c\000t\000i\000o\000n\000s}{chapter.5}% 14
\BOOKMARK [1][-]{section.5.4}{\376\377\000F\000a\000m\000i\000l\000y\000\040\000o\000f\000\040\000s\000e\000t\000s}{chapter.5}% 15
\BOOKMARK [1][-]{section.5.5}{\376\377\000S\000t\000r\000u\000c\000t\000u\000r\000e\000s\000\040\000a\000n\000d\000\040\000m\000o\000r\000p\000h\000i\000s\000m\000s}{chapter.5}% 16
\BOOKMARK [1][-]{section.5.6}{\376\377\000E\000q\000u\000i\000v\000a\000l\000e\000n\000c\000e\000s\000\040\000a\000n\000d\000\040\000P\000a\000r\000t\000i\000t\000i\000o\000n\000s}{chapter.5}% 17
\BOOKMARK [1][-]{section.5.7}{\376\377\000O\000r\000d\000e\000r\000i\000n\000g\000s}{chapter.5}% 18
\BOOKMARK [0][-]{chapter.6}{\376\377\000\040\000T\000h\000e\000\040\000b\000e\000g\000i\000n\000n\000i\000n\000g\000\040\000o\000f\000\040\000A\000b\000s\000t\000r\000a\000c\000t\000\040\000A\000l\000g\000e\000b\000r\000a\000\040}{}% 19
\BOOKMARK [1][-]{section.6.1}{\376\377\000G\000r\000o\000u\000p\000\040\000t\000h\000e\000o\000r\000y}{chapter.6}% 20
\BOOKMARK [1][-]{section.6.2}{\376\377\000R\000i\000n\000g\000\040\000t\000h\000e\000o\000r\000y}{chapter.6}% 21
\BOOKMARK [2][-]{subsection.6.2.1}{\376\377\000\050\0001\000\051\000\040\000N\000e\000c\000e\000s\000s\000i\000t\000y\000\040\000o\000f\000\040\000c\000a\000n\000c\000e\000l\000l\000a\000t\000i\000v\000i\000t\000y\000\040\000a\000n\000d\000\040\000c\000o\000m\000m\000u\000t\000a\000t\000i\000v\000i\000t\000y\000\040\000o\000f\000\040\000+}{section.6.2}% 22
\BOOKMARK [2][-]{subsection.6.2.2}{\376\377\000\050\0002\000\051\000\040\000C\000o\000n\000s\000t\000r\000u\000c\000t\000i\000o\000n\000\040\000o\000f\000\040\000t\000h\000e\000\040\000u\000n\000i\000v\000e\000r\000s\000a\000l\000\040\000r\000i\000n\000g\000\040\000w\000h\000e\000n\000\040\000\050\000S\000,\000+\000\051\000\040\000i\000s\000\040\000c\000a\000n\000c\000e\000l\000l\000a\000t\000i\000v\000e\000\040\000a\000n\000d\000\040\000c\000o\000m\000m\000u\000t\000a\000t\000i\000v\000e}{section.6.2}% 23
\BOOKMARK [2][-]{subsection.6.2.3}{\376\377\000\050\0003\000\051\000\040\000U\000n\000i\000v\000e\000r\000s\000a\000l\000i\000t\000y}{section.6.2}% 24
\BOOKMARK [1][-]{section.6.3}{\376\377\000T\000h\000e\000\040\000F\000i\000e\000l\000d\000\040\000o\000f\000\040\000F\000r\000a\000c\000t\000i\000o\000n\000s}{chapter.6}% 25
\BOOKMARK [2][-]{subsection.6.3.1}{\376\377\000I\000n\000t\000e\000g\000r\000a\000l\000\040\000D\000o\000m\000a\000i\000n}{section.6.3}% 26
\BOOKMARK [2][-]{subsection.6.3.2}{\376\377\000F\000i\000e\000l\000d}{section.6.3}% 27
\BOOKMARK [2][-]{subsection.6.3.3}{\376\377\000C\000o\000n\000s\000t\000r\000u\000c\000t\000i\000o\000n\000\040\000o\000f\000\040\000t\000h\000e\000\040\000F\000i\000e\000l\000d\000\040\000o\000f\000\040\000F\000r\000a\000c\000t\000i\000o\000n\000s}{section.6.3}% 28
\BOOKMARK [1][-]{section.6.4}{\376\377\000T\000h\000e\000o\000r\000e\000m\000:\000\040\000E\000x\000i\000s\000t\000e\000n\000c\000e\000\040\000a\000n\000d\000\040\000U\000n\000i\000q\000u\000e\000n\000e\000s\000s\000\040\000o\000f\000\040\000t\000h\000e\000\040\000F\000i\000e\000l\000d\000\040\000o\000f\000\040\000F\000r\000a\000c\000t\000i\000o\000n\000s}{chapter.6}% 29
\BOOKMARK [0][-]{chapter.7}{\376\377\000\040\000N\000a\000t\000u\000r\000a\000l\000\040\000n\000u\000m\000b\000e\000r\000s\000\040}{}% 30
\BOOKMARK [1][-]{section.7.1}{\376\377\000I\000n\000t\000r\000o\000d\000u\000c\000t\000i\000o\000n\000\040\000t\000o\000\040\000N\000a\000t\000u\000r\000a\000l\000\040\000n\000u\000m\000b\000e\000r\000s}{chapter.7}% 31
\BOOKMARK [1][-]{section.7.2}{\376\377\000P\000r\000o\000p\000e\000r\000t\000i\000e\000s\000\040\000o\000f\000\040\000N\000a\000t\000u\000r\000a\000l\000\040\000n\000u\000m\000b\000e\000r\000s}{chapter.7}% 32
\BOOKMARK [1][-]{section.7.3}{\376\377\000T\000h\000e\000\040\000R\000e\000c\000u\000r\000t\000i\000o\000n\000\040\000t\000h\000e\000o\000r\000e\000m}{chapter.7}% 33
\BOOKMARK [1][-]{section.7.4}{\376\377\000A\000r\000i\000t\000h\000m\000e\000t\000i\000c\000\040\000o\000f\000\040\000N\000a\000t\000u\000r\000a\000l\000\040\000n\000u\000m\000b\000e\000r\000s}{chapter.7}% 34
\BOOKMARK [1][-]{section.7.5}{\376\377\000P\000e\000a\000n\000o\000\040\000a\000r\000i\000t\000h\000m\000e\000t\000i\000c}{chapter.7}% 35
\BOOKMARK [0][-]{chapter.8}{\376\377\000F\000r\000o\000m\000\040\000N\000a\000t\000u\000r\000a\000l\000\040\000n\000u\000m\000b\000e\000r\000s\000\040\000t\000o\000\040\000C\000o\000m\000p\000l\000e\000x\000\040\000n\000u\000m\000b\000e\000r\000s\000\040}{}% 36
\BOOKMARK [1][-]{section.8.1}{\376\377\000I\000n\000t\000e\000g\000e\000r\000s\000`\000`\000Z\000'\000'}{chapter.8}% 37
\BOOKMARK [1][-]{section.8.2}{\376\377\000R\000a\000t\000i\000o\000n\000a\000l\000\040\000n\000u\000m\000b\000e\000r\000s\000\040\000`\000`\000Q\000'\000'}{chapter.8}% 38
\BOOKMARK [1][-]{section.8.3}{\376\377\000R\000e\000a\000l\000\040\000n\000u\000m\000b\000e\000r\000s\000\040\000`\000`\000R\000'\000'}{chapter.8}% 39
\BOOKMARK [1][-]{section.8.4}{\376\377\000C\000o\000m\000p\000l\000e\000x\000\040\000n\000u\000m\000b\000e\000r\000s\000`\000`\000C\000'\000'}{chapter.8}% 40
\BOOKMARK [0][-]{chapter.9}{\376\377\000F\000i\000n\000i\000t\000e\000\040\000a\000n\000d\000\040\000I\000n\000f\000i\000n\000i\000t\000e\000\040\000s\000e\000t\000s}{}% 41
\BOOKMARK [1][-]{section.9.1}{\376\377\000E\000q\000u\000i\000p\000o\000t\000e\000n\000t\000\040\000a\000n\000d\000\040\000O\000r\000d\000e\000r\000\040\000i\000n\000\040\000s\000e\000t\000s}{chapter.9}% 42
\BOOKMARK [1][-]{section.9.2}{\376\377\000F\000i\000n\000i\000t\000e\000\040\000s\000e\000t\000s}{chapter.9}% 43
\BOOKMARK [1][-]{section.9.3}{\376\377\000C\000o\000u\000n\000t\000a\000b\000l\000e\000\040\000s\000e\000t\000s}{chapter.9}% 44
\BOOKMARK [1][-]{section.9.4}{\376\377\000U\000n\000c\000o\000u\000n\000t\000a\000b\000l\000e\000\040\000s\000e\000t\000s}{chapter.9}% 45
\BOOKMARK [0][-]{chapter.10}{\376\377\000O\000r\000d\000i\000n\000a\000l\000s\000\040}{}% 46
\BOOKMARK [1][-]{section.10.1}{\376\377\000W\000e\000l\000l\000\040\000o\000r\000d\000e\000r\000e\000d\000\040\000s\000e\000t\000s}{chapter.10}% 47
\BOOKMARK [1][-]{section.10.2}{\376\377\000O\000r\000d\000i\000n\000a\000l\000\040\000n\000u\000m\000b\000e\000r\000s}{chapter.10}% 48
\BOOKMARK [1][-]{section.10.3}{\376\377\000T\000r\000a\000n\000s\000f\000i\000n\000i\000t\000e\000\040\000I\000n\000d\000u\000c\000t\000i\000o\000n}{chapter.10}% 49
\BOOKMARK [1][-]{section.10.4}{\376\377\000T\000r\000a\000n\000s\000f\000i\000n\000i\000t\000e\000\040\000R\000e\000c\000u\000r\000t\000i\000o\000n}{chapter.10}% 50
\BOOKMARK [1][-]{section.10.5}{\376\377\000A\000r\000i\000t\000h\000m\000e\000t\000i\000c\000\040\000o\000f\000\040\000O\000r\000d\000i\000n\000a\000l\000s}{chapter.10}% 51
\BOOKMARK [1][-]{section.10.6}{\376\377\000H\000y\000p\000e\000r\000\040\000P\000e\000a\000n\000o\000\040\000a\000r\000i\000t\000h\000m\000e\000t\000i\000c}{chapter.10}% 52
\BOOKMARK [0][-]{chapter.11}{\376\377\000C\000a\000r\000d\000i\000n\000a\000l\000s\000\040}{}% 53
\BOOKMARK [0][-]{chapter.12}{\376\377\000A\000x\000i\000o\000m\000\040\000o\000f\000\040\000c\000h\000i\000o\000c\000e}{}% 54
\BOOKMARK [0][-]{chapter.13}{\376\377\000h\000y\000p\000e\000r\000r\000e\000a\000l\000\040\000n\000u\000m\000b\000e\000r\000s\000\050\000*\000N\000\040\000,\000\040\000*\000Z\000,\000*\000Q\000\040\000,\000*\000R\000\040\000\051\000\040\000a\000n\000d\000\040\000s\000u\000r\000r\000e\000a\000l\000\040\000n\000u\000m\000b\000e\000r\000s\000\040}{}% 55
\BOOKMARK [1][-]{section.13.1}{\376\377\0001\000.\000\040\000S\000t\000a\000r\000t\000i\000n\000g\000\040\000P\000o\000i\000n\000t\000:\000\040\000S\000e\000q\000u\000e\000n\000c\000e\000s\000\040\000o\000f\000\040\000R\000e\000a\000l\000s}{chapter.13}% 56
\BOOKMARK [1][-]{section.13.2}{\376\377\0002\000.\000\040\000N\000o\000n\000p\000r\000i\000n\000c\000i\000p\000a\000l\000\040\000U\000l\000t\000r\000a\000f\000i\000l\000t\000e\000r\000\040\000o\000n\000\040\000N}{chapter.13}% 57
\BOOKMARK [1][-]{section.13.3}{\376\377\0003\000.\000\040\000E\000q\000u\000i\000v\000a\000l\000e\000n\000c\000e\000\040\000R\000e\000l\000a\000t\000i\000o\000n\000\040\000o\000n\000\040\000S\000e\000q\000u\000e\000n\000c\000e\000s}{chapter.13}% 58
\BOOKMARK [1][-]{section.13.4}{\376\377\0004\000.\000\040\000T\000h\000e\000\040\000U\000l\000t\000r\000a\000p\000o\000w\000e\000r\000\040\000C\000o\000n\000s\000t\000r\000u\000c\000t\000i\000o\000n}{chapter.13}% 59
\BOOKMARK [1][-]{section.13.5}{\376\377\0005\000.\000\040\000A\000l\000g\000e\000b\000r\000a\000i\000c\000\040\000O\000p\000e\000r\000a\000t\000i\000o\000n\000s}{chapter.13}% 60
\BOOKMARK [1][-]{section.13.6}{\376\377\0006\000.\000\040\000E\000m\000b\000e\000d\000d\000i\000n\000g\000\040\000o\000f\000\040\000R}{chapter.13}% 61
\BOOKMARK [1][-]{section.13.7}{\376\377\0007\000.\000\040\000I\000n\000f\000i\000n\000i\000t\000e\000s\000i\000m\000a\000l\000\040\000a\000n\000d\000\040\000I\000n\000f\000i\000n\000i\000t\000e\000\040\000E\000l\000e\000m\000e\000n\000t\000s}{chapter.13}% 62
\BOOKMARK [1][-]{section.13.8}{\376\377\0008\000.\000\040\000T\000h\000e\000\040\000T\000r\000a\000n\000s\000f\000e\000r\000\040\000P\000r\000i\000n\000c\000i\000p\000l\000e\000\040\000\050\001\101\000o\001\133\000'\000s\000\040\000T\000h\000e\000o\000r\000e\000m\000\051}{chapter.13}% 63
\BOOKMARK [1][-]{section.13.9}{\376\377\0009\000.\000\040\000S\000u\000m\000m\000a\000r\000y}{chapter.13}% 64
\BOOKMARK [1][-]{section.13.10}{\376\377\0001\0000\000.\000\040\000R\000e\000m\000a\000r\000k\000s}{chapter.13}% 65
\BOOKMARK [1][-]{section.13.11}{\376\377\000C\000o\000m\000m\000o\000n\000\040\000S\000y\000m\000b\000o\000l\000s\000:\000\040\000,\000\040\000,\000\040\000,\000\040\000a\000n\000d\000\040\000O\000t\000h\000e\000r\000s}{chapter.13}% 66
\BOOKMARK [2][-]{subsection.13.11.1}{\376\377\0001\000.\000\040\000T\000h\000e\000\040\000S\000y\000m\000b\000o\000l\000\040}{section.13.11}% 67
\BOOKMARK [2][-]{subsection.13.11.2}{\376\377\0002\000.\000\040\000T\000h\000e\000\040\000S\000y\000m\000b\000o\000l\000s\000\040\000\040\000a\000n\000d\000\040}{section.13.11}% 68
\BOOKMARK [2][-]{subsection.13.11.3}{\376\377\0003\000.\000\040\000O\000t\000h\000e\000r\000\040\000C\000o\000m\000m\000o\000n\000\040\000G\000r\000e\000e\000k\000\040\000S\000y\000m\000b\000o\000l\000s}{section.13.11}% 69
\BOOKMARK [2][-]{subsection.13.11.4}{\376\377\0004\000.\000\040\000S\000u\000m\000m\000a\000r\000y\000\040\000T\000a\000b\000l\000e\000\040\000\050\000L\000a\000T\000e\000X\000\040\000O\000n\000l\000y\000\051}{section.13.11}% 70
\BOOKMARK [0][-]{chapter.14}{\376\377\000f\000a\000n\000t\000a\000c\000y\000\040\000n\000u\000m\000b\000e\000r\000s\000\050\000\040\000Z\000\040\000\050\000O\000r\000d\000\051\000\040\000,\000\040\000Q\000\040\000\050\000O\000r\000d\000\051\000\040\000,\000R\000\040\000\050\000O\000r\000d\000\051\000\040\000,\000C\000\040\000\050\000O\000r\000d\000\051\000\051\000\040}{}% 71
\BOOKMARK [1][-]{section.14.1}{\376\377\000H\000y\000p\000e\000r\000\040\000I\000n\000t\000e\000g\000e\000r\000s\000`\000`\000Z\000\040\000\050\000O\000r\000d\000\051\000'\000'}{chapter.14}% 72
\BOOKMARK [1][-]{section.14.2}{\376\377\000H\000y\000p\000e\000r\000\040\000R\000a\000t\000i\000o\000n\000a\000l\000\040\000n\000u\000m\000b\000e\000r\000s\000\040\000`\000`\000Q\000\040\000\050\000O\000r\000d\000\051\000\040\000'\000'}{chapter.14}% 73
\BOOKMARK [1][-]{section.14.3}{\376\377\000H\000y\000p\000e\000r\000\040\000R\000e\000a\000l\000\040\000n\000u\000m\000b\000e\000r\000s\000\040\000`\000`\000R\000\040\000\050\000O\000r\000d\000\051\000'\000'}{chapter.14}% 74
\BOOKMARK [1][-]{section.14.4}{\376\377\000H\000y\000p\000e\000r\000\040\000C\000o\000m\000p\000l\000e\000x\000\040\000n\000u\000m\000b\000e\000r\000s\000`\000`\000C\000\040\000\050\000O\000r\000d\000\051\000'\000'}{chapter.14}% 75
\BOOKMARK [0][-]{chapter.15}{\376\377\000N\000e\000w\000\040\000b\000e\000g\000i\000n\000n\000i\000n\000g\000\040\000f\000o\000r\000\040\000c\000a\000l\000c\000u\000l\000u\000s\000\040}{}% 76
\BOOKMARK [1][-]{section.15.1}{\376\377\000D\000e\000r\000i\000v\000a\000t\000i\000v\000e\000s}{chapter.15}% 77
\BOOKMARK [0][-]{chapter.16}{\376\377\000L\000e\000b\000e\000s\000g\000u\000e\000\040\000I\000n\000t\000e\000r\000g\000r\000a\000l}{}% 78
\BOOKMARK [0][-]{chapter.17}{\376\377\000N\000e\000w\000\040\000b\000e\000g\000i\000n\000n\000i\000n\000g\000\040\000f\000o\000r\000\040\000P\000r\000o\000b\000a\000b\000i\000l\000i\000t\000y\000\040\000t\000h\000e\000o\000r\000y}{}% 79
